I/System.out( 1066): 2922*Original image (120x150) is going to be subsampled to 768x1232 view. Computed scale size - 1
I/System.out( 1066): 2923*ImageLoader
D/ImageLoader( 1066): Original image (120x150) is going to be subsampled to 768x1232 view. Computed scale size - 1
I/System.out( 1066): 843*file
I/System.out( 1066): 2725*http://s31.a2zinc.net/clients/penton/globaladmin//custom/photos/contact_1135770.jpg_768x1232
I/System.out( 1066): 3352*http://s31.a2zinc.net/clients/penton/globaladmin//custom/photos/contact_1135770.jpg_768x1232
I/System.out( 1066): 3353*http://s31.a2zinc.net/clients/penton/globaladmin//custom/photos/contact_1135770.jpg_768x1232
I/System.out( 1066): 2725*http://s31.a2zinc.net/clients/penton/globaladmin//custom/photos/contact_1135770.jpg_768x1232
I/System.out( 1066): 3352*http://s31.a2zinc.net/clients/penton/globaladmin//custom/photos/contact_1135770.jpg_768x1232
I/System.out( 1066): 3353*http://s31.a2zinc.net/clients/penton/globaladmin//custom/photos/contact_1135770.jpg_768x1232
I/System.out( 1066): 3361*http://s31.a2zinc.net/clients/penton/globaladmin//custom/photos/contact_1135685.jpg
I/System.out( 1066): 843*file
I/System.out( 1066): 2922*Original image (120x150) is going to be subsampled to 768x1232 view. Computed scale size - 1
I/System.out( 1066): 2923*ImageLoader
D/ImageLoader( 1066): Original image (120x150) is going to be subsampled to 768x1232 view. Computed scale size - 1
I/System.out( 1066): 843*file
I/System.out( 1066): 3361*http://s31.a2zinc.net/clients/penton/globaladmin//custom/photos/contact_1138178.jpg
I/System.out( 1066): 843*file
I/System.out( 1066): 2922*Original image (120x149) is going to be subsampled to 768x1232 view. Computed scale size - 1
I/System.out( 1066): 2923*ImageLoader
D/ImageLoader( 1066): Original image (120x149) is going to be subsampled to 768x1232 view. Computed scale size - 1
I/System.out( 1066): 843*file
D/dalvikvm( 1066): GC_CONCURRENT freed 720K, 12% free 8138K/9240K, paused 2ms+1ms, total 16ms
D/dalvikvm( 1066): WAIT_FOR_CONCURRENT_GC blocked 7ms
I/System.out( 1066): 2725*http://s31.a2zinc.net/clients/penton/globaladmin//custom/photos/contact_1135685.jpg_768x1232
I/System.out( 1066): 3352*http://s31.a2zinc.net/clients/penton/globaladmin//custom/photos/contact_1135685.jpg_768x1232
I/System.out( 1066): 3353*http://s31.a2zinc.net/clients/penton/globaladmin//custom/photos/contact_1135685.jpg_768x1232
I/System.out( 1066): 2725*http://s31.a2zinc.net/clients/penton/globaladmin//custom/photos/contact_1135685.jpg_768x1232
I/System.out( 1066): 3352*http://s31.a2zinc.net/clients/penton/globaladmin//custom/photos/contact_1135685.jpg_768x1232
I/System.out( 1066): 3353*http://s31.a2zinc.net/clients/penton/globaladmin//custom/photos/contact_1135685.jpg_768x1232
I/System.out( 1066): 1938*http://s31.a2zinc.net/clients/penton/globaladmin//custom/photos/contact_1135685.jpg_768x1232
I/System.out( 1066): 2725*http://s31.a2zinc.net/clients/penton/globaladmin//custom/photos/contact_1136551.jpg_768x1232
I/System.out( 1066): 3352*http://s31.a2zinc.net/clients/penton/globaladmin//custom/photos/contact_1136551.jpg_768x1232
I/System.out( 1066): 3353*http://s31.a2zinc.net/clients/penton/globaladmin//custom/photos/contact_1136551.jpg_768x1232
I/System.out( 1066): 3367*http://s31.a2zinc.net/clients/penton/globaladmin//custom/photos/contact_1136551.jpg_768x1232
I/System.out( 1066): 2922*Start display image task [http://s31.a2zinc.net/clients/penton/globaladmin//custom/photos/contact_1136551.jpg_768x1232]
I/System.out( 1066): 2923*ImageLoader
I/ImageLoader( 1066): Start display image task [http://s31.a2zinc.net/clients/penton/globaladmin//custom/photos/contact_1136551.jpg_768x1232]
I/System.out( 1066): 2725*http://s31.a2zinc.net/clients/penton/globaladmin//custom/photos/contact_1136551.jpg_768x1232
I/System.out( 1066): 3352*http://s31.a2zinc.net/clients/penton/globaladmin//custom/photos/contact_1136551.jpg_768x1232
I/System.out( 1066): 3353*http://s31.a2zinc.net/clients/penton/globaladmin//custom/photos/contact_1136551.jpg_768x1232
I/System.out( 1066): 3370*http://s31.a2zinc.net/clients/penton/globaladmin//custom/photos/contact_1136551.jpg_768x1232
I/System.out( 1066): 833*http://s31.a2zinc.net/clients/penton/globaladmin//custom/photos/contact_1136551.jpg_768x1232
I/System.out( 1066): 3357*http://s31.a2zinc.net/clients/penton/globaladmin//custom/photos/contact_1136551.jpg
I/System.out( 1066): 1793*-1242837768
I/System.out( 1066): 1818*-1242837768
I/System.out( 1066): 3359*http://s31.a2zinc.net/clients/penton/globaladmin//custom/photos/contact_1136551.jpg_768x1232
I/System.out( 1066): 2922*Load image from Internet [http://s31.a2zinc.net/clients/penton/globaladmin//custom/photos/contact_1136551.jpg_768x1232]
I/System.out( 1066): 2923*ImageLoader
I/ImageLoader( 1066): Load image from Internet [http://s31.a2zinc.net/clients/penton/globaladmin//custom/photos/contact_1136551.jpg_768x1232]
I/System.out( 1066): 3360*http://s31.a2zinc.net/clients/penton/globaladmin//custom/photos/contact_1136551.jpg_768x1232
I/System.out( 1066): 2922*Cache image on disc [http://s31.a2zinc.net/clients/penton/globaladmin//custom/photos/contact_1136551.jpg_768x1232]
I/System.out( 1066): 2923*ImageLoader
I/ImageLoader( 1066): Cache image on disc [http://s31.a2zinc.net/clients/penton/globaladmin//custom/photos/contact_1136551.jpg_768x1232]
I/System.out( 1066): 3356*http://s31.a2zinc.net/clients/penton/globaladmin//custom/photos/contact_1136551.jpg
I/System.out( 1066): 843*http
D/dalvikvm( 1066): WAIT_FOR_CONCURRENT_GC blocked 8ms
I/System.out( 1066): 2725*http://s31.a2zinc.net/clients/penton/globaladmin//custom/photos/contact_1138178.jpg_768x1232
I/System.out( 1066): 3352*http://s31.a2zinc.net/clients/penton/globaladmin//custom/photos/contact_1138178.jpg_768x1232
I/System.out( 1066): 3353*http://s31.a2zinc.net/clients/penton/globaladmin//custom/photos/contact_1138178.jpg_768x1232
I/System.out( 1066): 2725*http://s31.a2zinc.net/clients/penton/globaladmin//custom/photos/contact_1138178.jpg_768x1232
I/System.out( 1066): 3352*http://s31.a2zinc.net/clients/penton/globaladmin//custom/photos/contact_1138178.jpg_768x1232
I/System.out( 1066): 3353*http://s31.a2zinc.net/clients/penton/globaladmin//custom/photos/contact_1138178.jpg_768x1232
I/System.out( 1066): 1938*http://s31.a2zinc.net/clients/penton/globaladmin//custom/photos/contact_1138178.jpg_768x1232
I/System.out( 1066): 2725*http://s31.a2zinc.net/clients/penton/globaladmin//custom/photos/contact_1136715.jpg_768x1232
I/System.out( 1066): 3352*http://s31.a2zinc.net/clients/penton/globaladmin//custom/photos/contact_1136715.jpg_768x1232
I/System.out( 1066): 3353*http://s31.a2zinc.net/clients/penton/globaladmin//custom/photos/contact_1136715.jpg_768x1232
I/System.out( 1066): 3367*http://s31.a2zinc.net/clients/penton/globaladmin//custom/photos/contact_1136715.jpg_768x1232
I/System.out( 1066): 2922*Start display image task [http://s31.a2zinc.net/clients/penton/globaladmin//custom/photos/contact_1136715.jpg_768x1232]
I/System.out( 1066): 2923*ImageLoader
I/ImageLoader( 1066): Start display image task [http://s31.a2zinc.net/clients/penton/globaladmin//custom/photos/contact_1136715.jpg_768x1232]
I/System.out( 1066): 2725*http://s31.a2zinc.net/clients/penton/globaladmin//custom/photos/contact_1136715.jpg_768x1232
I/System.out( 1066): 3352*http://s31.a2zinc.net/clients/penton/globaladmin//custom/photos/contact_1136715.jpg_768x1232
I/System.out( 1066): 3353*http://s31.a2zinc.net/clients/penton/globaladmin//custom/photos/contact_1136715.jpg_768x1232
I/System.out( 1066): 3370*http://s31.a2zinc.net/clients/penton/globaladmin//custom/photos/contact_1136715.jpg_768x1232
I/System.out( 1066): 833*http://s31.a2zinc.net/clients/penton/globaladmin//custom/photos/contact_1136715.jpg_768x1232
I/System.out( 1066): 3357*http://s31.a2zinc.net/clients/penton/globaladmin//custom/photos/contact_1136715.jpg
I/System.out( 1066): 1793*421347074
I/System.out( 1066): 1818*421347074
I/System.out( 1066): 3359*http://s31.a2zinc.net/clients/penton/globaladmin//custom/photos/contact_1136715.jpg_768x1232
I/System.out( 1066): 2922*Load image from Internet [http://s31.a2zinc.net/clients/penton/globaladmin//custom/photos/contact_1136715.jpg_768x1232]
I/System.out( 1066): 2923*ImageLoader
I/ImageLoader( 1066): Load image from Internet [http://s31.a2zinc.net/clients/penton/globaladmin//custom/photos/contact_1136715.jpg_768x1232]
I/System.out( 1066): 3360*http://s31.a2zinc.net/clients/penton/globaladmin//custom/photos/contact_1136715.jpg_768x1232
I/System.out( 1066): 2922*Cache image on disc [http://s31.a2zinc.net/clients/penton/globaladmin//custom/photos/contact_1136715.jpg_768x1232]
I/System.out( 1066): 2923*ImageLoader
I/ImageLoader( 1066): Cache image on disc [http://s31.a2zinc.net/clients/penton/globaladmin//custom/photos/contact_1136715.jpg_768x1232]
I/System.out( 1066): 3356*http://s31.a2zinc.net/clients/penton/globaladmin//custom/photos/contact_1136715.jpg
I/System.out( 1066): 843*http
I/System.out( 1066): 1938*http://s31.a2zinc.net/clients/penton/globaladmin//custom/photos/contact_1135770.jpg_768x1232
I/System.out( 1066): 2725*http://s31.a2zinc.net/clients/penton/globaladmin//custom/photos/contact_1122758.jpg_768x1232
I/System.out( 1066): 3352*http://s31.a2zinc.net/clients/penton/globaladmin//custom/photos/contact_1122758.jpg_768x1232
I/System.out( 1066): 3353*http://s31.a2zinc.net/clients/penton/globaladmin//custom/photos/contact_1122758.jpg_768x1232
I/System.out( 1066): 3367*http://s31.a2zinc.net/clients/penton/globaladmin//custom/photos/contact_1122758.jpg_768x1232
I/System.out( 1066): 2922*Start display image task [http://s31.a2zinc.net/clients/penton/globaladmin//custom/photos/contact_1122758.jpg_768x1232]
I/System.out( 1066): 2923*ImageLoader
I/ImageLoader( 1066): Start display image task [http://s31.a2zinc.net/clients/penton/globaladmin//custom/photos/contact_1122758.jpg_768x1232]
I/System.out( 1066): 2725*http://s31.a2zinc.net/clients/penton/globaladmin//custom/photos/contact_1122758.jpg_768x1232
I/System.out( 1066): 3352*http://s31.a2zinc.net/clients/penton/globaladmin//custom/photos/contact_1122758.jpg_768x1232
I/System.out( 1066): 3353*http://s31.a2zinc.net/clients/penton/globaladmin//custom/photos/contact_1122758.jpg_768x1232
I/System.out( 1066): 3370*http://s31.a2zinc.net/clients/penton/globaladmin//custom/photos/contact_1122758.jpg_768x1232
I/System.out( 1066): 833*http://s31.a2zinc.net/clients/penton/globaladmin//custom/photos/contact_1122758.jpg_768x1232
I/System.out( 1066): 3357*http://s31.a2zinc.net/clients/penton/globaladmin//custom/photos/contact_1122758.jpg
I/System.out( 1066): 1793*-330185340
I/System.out( 1066): 1818*-330185340
I/System.out( 1066): 3359*http://s31.a2zinc.net/clients/penton/globaladmin//custom/photos/contact_1122758.jpg_768x1232
I/System.out( 1066): 2922*Load image from Internet [http://s31.a2zinc.net/clients/penton/globaladmin//custom/photos/contact_1122758.jpg_768x1232]
I/System.out( 1066): 2923*ImageLoader
I/ImageLoader( 1066): Load image from Internet [http://s31.a2zinc.net/clients/penton/globaladmin//custom/photos/contact_1122758.jpg_768x1232]
I/System.out( 1066): 3360*http://s31.a2zinc.net/clients/penton/globaladmin//custom/photos/contact_1122758.jpg_768x1232
I/System.out( 1066): 2922*Cache image on disc [http://s31.a2zinc.net/clients/penton/globaladmin//custom/photos/contact_1122758.jpg_768x1232]
I/System.out( 1066): 2923*ImageLoader
I/ImageLoader( 1066): Cache image on disc [http://s31.a2zinc.net/clients/penton/globaladmin//custom/photos/contact_1122758.jpg_768x1232]
I/System.out( 1066): 3356*http://s31.a2zinc.net/clients/penton/globaladmin//custom/photos/contact_1122758.jpg
I/System.out( 1066): 843*http
I/System.out( 1066): 2725*http://s31.a2zinc.net/clients/penton/globaladmin//custom/photos/contact_1135685.jpg_768x1232
I/System.out( 1066): 1939*http://s31.a2zinc.net/clients/penton/globaladmin//custom/photos/contact_1135685.jpg_768x1232
I/System.out( 1066): 1940*http://s31.a2zinc.net/clients/penton/globaladmin//custom/photos/contact_1135685.jpg_768x1232
I/System.out( 1066): 1942*http://s31.a2zinc.net/clients/penton/globaladmin//custom/photos/contact_1135685.jpg_768x1232
I/System.out( 1066): 2922*Display image in ImageView [http://s31.a2zinc.net/clients/penton/globaladmin//custom/photos/contact_1135685.jpg_768x1232]
I/System.out( 1066): 2923*ImageLoader
I/ImageLoader( 1066): Display image in ImageView [http://s31.a2zinc.net/clients/penton/globaladmin//custom/photos/contact_1135685.jpg_768x1232]
I/System.out( 1066): 2725*http://s31.a2zinc.net/clients/penton/globaladmin//custom/photos/contact_1138178.jpg_768x1232
I/System.out( 1066): 1939*http://s31.a2zinc.net/clients/penton/globaladmin//custom/photos/contact_1138178.jpg_768x1232
I/System.out( 1066): 1940*http://s31.a2zinc.net/clients/penton/globaladmin//custom/photos/contact_1138178.jpg_768x1232
I/System.out( 1066): 1942*http://s31.a2zinc.net/clients/penton/globaladmin//custom/photos/contact_1138178.jpg_768x1232
I/System.out( 1066): 2922*Display image in ImageView [http://s31.a2zinc.net/clients/penton/globaladmin//custom/photos/contact_1138178.jpg_768x1232]
I/System.out( 1066): 2923*ImageLoader
I/ImageLoader( 1066): Display image in ImageView [http://s31.a2zinc.net/clients/penton/globaladmin//custom/photos/contact_1138178.jpg_768x1232]
I/System.out( 1066): 2725*http://s31.a2zinc.net/clients/penton/globaladmin//custom/photos/contact_1135770.jpg_768x1232
I/System.out( 1066): 1939*http://s31.a2zinc.net/clients/penton/globaladmin//custom/photos/contact_1135770.jpg_768x1232
I/System.out( 1066): 1940*http://s31.a2zinc.net/clients/penton/globaladmin//custom/photos/contact_1135770.jpg_768x1232
I/System.out( 1066): 1942*http://s31.a2zinc.net/clients/penton/globaladmin//custom/photos/contact_1135770.jpg_768x1232
I/System.out( 1066): 2922*Display image in ImageView [http://s31.a2zinc.net/clients/penton/globaladmin//custom/photos/contact_1135770.jpg_768x1232]
I/System.out( 1066): 2923*ImageLoader
I/ImageLoader( 1066): Display image in ImageView [http://s31.a2zinc.net/clients/penton/globaladmin//custom/photos/contact_1135770.jpg_768x1232]
I/System.out( 1066): 3361*http://s31.a2zinc.net/clients/penton/globaladmin//custom/photos/contact_1136551.jpg
I/System.out( 1066): 843*file
I/System.out( 1066): 2922*Original image (120x150) is going to be subsampled to 768x1232 view. Computed scale size - 1
I/System.out( 1066): 2923*ImageLoader
D/ImageLoader( 1066): Original image (120x150) is going to be subsampled to 768x1232 view. Computed scale size - 1
I/System.out( 1066): 843*file
I/System.out( 1066): 3361*http://s31.a2zinc.net/clients/penton/globaladmin//custom/photos/contact_1136715.jpg
I/System.out( 1066): 843*file
I/System.out( 1066): 2922*Original image (120x190) is going to be subsampled to 768x1232 view. Computed scale size - 1
I/System.out( 1066): 2923*ImageLoader
D/ImageLoader( 1066): Original image (120x190) is going to be subsampled to 768x1232 view. Computed scale size - 1
I/System.out( 1066): 843*file
I/System.out( 1066): 2725*http://s31.a2zinc.net/clients/penton/globaladmin//custom/photos/contact_1136715.jpg_768x1232
I/System.out( 1066): 3352*http://s31.a2zinc.net/clients/penton/globaladmin//custom/photos/contact_1136715.jpg_768x1232
I/System.out( 1066): 3353*http://s31.a2zinc.net/clients/penton/globaladmin//custom/photos/contact_1136715.jpg_768x1232
I/System.out( 1066): 2725*http://s31.a2zinc.net/clients/penton/globaladmin//custom/photos/contact_1136715.jpg_768x1232
I/System.out( 1066): 3352*http://s31.a2zinc.net/clients/penton/globaladmin//custom/photos/contact_1136715.jpg_768x1232
I/System.out( 1066): 3353*http://s31.a2zinc.net/clients/penton/globaladmin//custom/photos/contact_1136715.jpg_768x1232
I/System.out( 1066): 1938*http://s31.a2zinc.net/clients/penton/globaladmin//custom/photos/contact_1136715.jpg_768x1232
I/System.out( 1066): 3361*http://s31.a2zinc.net/clients/penton/globaladmin//custom/photos/contact_1122758.jpg
I/System.out( 1066): 843*file
I/System.out( 1066): 2922*Original image (120x150) is going to be subsampled to 768x1232 view. Computed scale size - 1
I/System.out( 1066): 2923*ImageLoader
D/ImageLoader( 1066): Original image (120x150) is going to be subsampled to 768x1232 view. Computed scale size - 1
I/System.out( 1066): 843*file
I/System.out( 1066): 2725*http://s31.a2zinc.net/clients/penton/globaladmin//custom/photos/contact_1122758.jpg_768x1232
I/System.out( 1066): 3352*http://s31.a2zinc.net/clients/penton/globaladmin//custom/photos/contact_1122758.jpg_768x1232
I/System.out( 1066): 3353*http://s31.a2zinc.net/clients/penton/globaladmin//custom/photos/contact_1122758.jpg_768x1232
I/System.out( 1066): 2725*http://s31.a2zinc.net/clients/penton/globaladmin//custom/photos/contact_1122758.jpg_768x1232
I/System.out( 1066): 3352*http://s31.a2zinc.net/clients/penton/globaladmin//custom/photos/contact_1122758.jpg_768x1232
I/System.out( 1066): 3353*http://s31.a2zinc.net/clients/penton/globaladmin//custom/photos/contact_1122758.jpg_768x1232
I/System.out( 1066): 1938*http://s31.a2zinc.net/clients/penton/globaladmin//custom/photos/contact_1122758.jpg_768x1232
I/System.out( 1066): 2725*http://s31.a2zinc.net/clients/penton/globaladmin//custom/photos/contact_1136715.jpg_768x1232
I/System.out( 1066): 1939*http://s31.a2zinc.net/clients/penton/globaladmin//custom/photos/contact_1136715.jpg_768x1232
I/System.out( 1066): 1940*http://s31.a2zinc.net/clients/penton/globaladmin//custom/photos/contact_1136715.jpg_768x1232
I/System.out( 1066): 1942*http://s31.a2zinc.net/clients/penton/globaladmin//custom/photos/contact_1136715.jpg_768x1232
I/System.out( 1066): 2922*Display image in ImageView [http://s31.a2zinc.net/clients/penton/globaladmin//custom/photos/contact_1136715.jpg_768x1232]
I/System.out( 1066): 2923*ImageLoader
I/ImageLoader( 1066): Display image in ImageView [http://s31.a2zinc.net/clients/penton/globaladmin//custom/photos/contact_1136715.jpg_768x1232]
I/System.out( 1066): 2725*http://s31.a2zinc.net/clients/penton/globaladmin//custom/photos/contact_1122758.jpg_768x1232
I/System.out( 1066): 1939*http://s31.a2zinc.net/clients/penton/globaladmin//custom/photos/contact_1122758.jpg_768x1232
I/System.out( 1066): 1940*http://s31.a2zinc.net/clients/penton/globaladmin//custom/photos/contact_1122758.jpg_768x1232
I/System.out( 1066): 1942*http://s31.a2zinc.net/clients/penton/globaladmin//custom/photos/contact_1122758.jpg_768x1232
I/System.out( 1066): 2922*Display image in ImageView [http://s31.a2zinc.net/clients/penton/globaladmin//custom/photos/contact_1122758.jpg_768x1232]
I/System.out( 1066): 2923*ImageLoader
I/ImageLoader( 1066): Display image in ImageView [http://s31.a2zinc.net/clients/penton/globaladmin//custom/photos/contact_1122758.jpg_768x1232]
I/System.out( 1066): 2725*http://s31.a2zinc.net/clients/penton/globaladmin//custom/photos/contact_1136551.jpg_768x1232
I/System.out( 1066): 3352*http://s31.a2zinc.net/clients/penton/globaladmin//custom/photos/contact_1136551.jpg_768x1232
I/System.out( 1066): 3353*http://s31.a2zinc.net/clients/penton/globaladmin//custom/photos/contact_1136551.jpg_768x1232
I/System.out( 1066): 2725*http://s31.a2zinc.net/clients/penton/globaladmin//custom/photos/contact_1136551.jpg_768x1232
I/System.out( 1066): 3352*http://s31.a2zinc.net/clients/penton/globaladmin//custom/photos/contact_1136551.jpg_768x1232
I/System.out( 1066): 3353*http://s31.a2zinc.net/clients/penton/globaladmin//custom/photos/contact_1136551.jpg_768x1232
I/System.out( 1066): 1938*http://s31.a2zinc.net/clients/penton/globaladmin//custom/photos/contact_1136551.jpg_768x1232
I/System.out( 1066): 2725*http://s31.a2zinc.net/clients/penton/globaladmin//custom/photos/contact_1136551.jpg_768x1232
I/System.out( 1066): 1939*http://s31.a2zinc.net/clients/penton/globaladmin//custom/photos/contact_1136551.jpg_768x1232
I/System.out( 1066): 1940*http://s31.a2zinc.net/clients/penton/globaladmin//custom/photos/contact_1136551.jpg_768x1232
I/System.out( 1066): 1942*http://s31.a2zinc.net/clients/penton/globaladmin//custom/photos/contact_1136551.jpg_768x1232
I/System.out( 1066): 2922*Display image in ImageView [http://s31.a2zinc.net/clients/penton/globaladmin//custom/photos/contact_1136551.jpg_768x1232]
I/System.out( 1066): 2923*ImageLoader
I/ImageLoader( 1066): Display image in ImageView [http://s31.a2zinc.net/clients/penton/globaladmin//custom/photos/contact_1136551.jpg_768x1232]
D/dalvikvm(  371): GC_CONCURRENT freed 700K, 20% free 7467K/9300K, paused 1ms+0ms, total 7ms
I/System.out( 1066): 842*SpeakerList
I/ActivityManager(  371): START u0 {cmp=a2z.Mobile.DevConnections/.SpeakerProfileActivity (has extras)} from pid 1066
D/dalvikvm(  371): GC_FOR_ALLOC freed 450K, 20% free 7460K/9300K, paused 5ms, total 5ms
I/System.out( 1066): 3688*chirpe_data.sqlite
I/System.out( 1066): 3689*chirpe_data.sqlite
I/System.out( 1066): 3695*/data/data/a2z.Mobile.DevConnections/databases/
I/System.out( 1066): 3696*/data/data/a2z.Mobile.DevConnections/databases/
I/System.out( 1066): 3697*chirpe_data.sqlite
I/System.out( 1066): 3698*/data/data/a2z.Mobile.DevConnections/databases/chirpe_data.sqlite
I/System.out( 1066): 3691*/data/data/a2z.Mobile.DevConnections/databases/
I/System.out( 1066): 3692*/data/data/a2z.Mobile.DevConnections/databases/
I/System.out( 1066): 3693*chirpe_data.sqlite
I/System.out( 1066): 3694*/data/data/a2z.Mobile.DevConnections/databases/chirpe_data.sqlite
I/System.out( 1066): 1819*1135770
I/System.out( 1066): 1820*SELECT SpeakerID, Prefix, FirstName, MiddleName, LastName, Suffix, Title, Company, Profile, ImageName, Count(1) AS [SessionCount] FROM SessionSpeaker WHERE SpeakerID=1135770 GROUP BY SpeakerID, Prefix, FirstName, MiddleName, LastName, Suffix, Title, Company, Profile, ImageName ORDER BY LastName, FirstName LIMIT 1
I/System.out( 1066): 1821*Mr.
I/System.out( 1066): 1822*Mr.
I/System.out( 1066): 1823*Johan
I/System.out( 1066): 1824*Johan
I/System.out( 1066): 1825*
I/System.out( 1066): 1826*
I/System.out( 1066): 1827*Arwidmark
I/System.out( 1066): 1828*Arwidmark
I/System.out( 1066): 1829*
I/System.out( 1066): 1830*
I/System.out( 1066): 1831*Chief Technical Architect
I/System.out( 1066): 1832*Chief Technical Architect
I/System.out( 1066): 1833*Knowledge Factory
I/System.out( 1066): 1834*Knowledge Factory
I/System.out( 1066): 1835*Johan Arwidmark is the Chief Technical Architect with Knowledge Factory. He is a consultant, author and all-around geek specializing in Systems Management and Enterprise Windows Deployment Solutions. 
I/System.out( 1066): 
I/System.out( 1066): In addition to his consulting role, Johan present trainings and speaks at several conferences each year, including MMS and TechEd around the world. He is also actively involved in communities like deploymentresearch.com and myitforum.com, and he has been awarded Microsoft Most Valuable Professional (MVP) for eight years.
I/System.out( 1066): 
I/System.out( 1066): Johan is known for an energetic and humorous style, tackling complex concepts using simple "Real World" scenarios and lots of live demos. His areas of expertise include: Enterprise Windows Deployment Tools and Solutions, ConfigMgr, MDT, WinPE, USMT, and WDS.
I/System.out( 1066): 1836*Johan Arwidmark is the Chief Technical Architect with Knowledge Factory. He is a consultant, author and all-around geek specializing in Systems Management and Enterprise Windows Deployment Solutions. 
I/System.out( 1066): 
I/System.out( 1066): In addition to his consulting role, Johan present trainings and speaks at several conferences each year, including MMS and TechEd around the world. He is also actively involved in communities like deploymentresearch.com and myitforum.com, and he has been awarded Microsoft Most Valuable Professional (MVP) for eight years.
I/System.out( 1066): 
I/System.out( 1066): Johan is known for an energetic and humorous style, tackling complex concepts using simple "Real World" scenarios and lots of live demos. His areas of expertise include: Enterprise Windows Deployment Tools and Solutions, ConfigMgr, MDT, WinPE, USMT, and WDS.
I/System.out( 1066): 1837*http://s31.a2zinc.net/clients/penton/globaladmin//custom/photos/contact_1135770.jpg
I/System.out( 1066): 1838*http://s31.a2zinc.net/clients/penton/globaladmin//custom/photos/contact_1135770.jpg
I/System.out( 1066): 1839*3
I/System.out( 1066): 2435*SpeakerList
I/System.out( 1066): 2436*SpeakerID=1135770
I/System.out( 1066): 194*chirpe_analytics.sqlite
I/System.out( 1066): 195*chirpe_analytics.sqlite
I/System.out( 1066): 200*/data/data/a2z.Mobile.DevConnections/databases/
I/System.out( 1066): 201*/data/data/a2z.Mobile.DevConnections/databases/
I/System.out( 1066): 202*chirpe_analytics.sqlite
I/System.out( 1066): 203*/data/data/a2z.Mobile.DevConnections/databases/chirpe_analytics.sqlite
I/System.out( 1066): 196*/data/data/a2z.Mobile.DevConnections/databases/
I/System.out( 1066): 197*/data/data/a2z.Mobile.DevConnections/databases/
I/System.out( 1066): 198*chirpe_analytics.sqlite
I/System.out( 1066): 199*/data/data/a2z.Mobile.DevConnections/databases/chirpe_analytics.sqlite
I/System.out( 1066): 2151*SpeakerID=1135770
I/System.out( 1066): 2152*SpeakerList
I/System.out( 1066): 2153*0
D/Analytics Save()( 1066): Inserted New Activity Record into local Analytics Databse
I/System.out( 1066): 1903*http://s31.a2zinc.net/clients/penton/globaladmin//custom/photos/contact_1135770.jpg
I/System.out( 1066): 2437*http://s31.a2zinc.net/clients/penton/globaladmin//custom/photos/contact_1135770.jpg
I/System.out( 1066): 1903*http://s31.a2zinc.net/clients/penton/globaladmin//custom/photos/contact_1135770.jpg
I/System.out( 1066): 2438*http://s31.a2zinc.net/clients/penton/globaladmin//custom/photos/contact_1135770.jpg
I/System.out( 1066): 1903*http://s31.a2zinc.net/clients/penton/globaladmin//custom/photos/contact_1135770.jpg
I/System.out( 1066): 2439*http://s31.a2zinc.net/clients/penton/globaladmin//custom/photos/contact_1135770.jpg
I/System.out( 1066): 970*http://s31.a2zinc.net/clients/penton/globaladmin//custom/photos/contact_1135770.jpg_768x1232
I/System.out( 1066): 2724*http://s31.a2zinc.net/clients/penton/globaladmin//custom/photos/contact_1135770.jpg_768x1232
I/System.out( 1066): 833*http://s31.a2zinc.net/clients/penton/globaladmin//custom/photos/contact_1135770.jpg_768x1232
I/System.out( 1066): 379*http://s31.a2zinc.net/clients/penton/globaladmin//custom/photos/contact_1135770.jpg
I/System.out( 1066): 970*http://s31.a2zinc.net/clients/penton/globaladmin//custom/photos/contact_1135770.jpg_768x1232
I/System.out( 1066): 380*http://s31.a2zinc.net/clients/penton/globaladmin//custom/photos/contact_1135770.jpg_768x1232
I/System.out( 1066): 3349*http://s31.a2zinc.net/clients/penton/globaladmin//custom/photos/contact_1135770.jpg
I/System.out( 1066): 3350*http://s31.a2zinc.net/clients/penton/globaladmin//custom/photos/contact_1135770.jpg_768x1232
I/System.out( 1066): 1793*-1154305960
I/System.out( 1066): 1818*-1154305960
I/System.out( 1066): 1901*Johan
I/System.out( 1066): 2440*Johan
I/System.out( 1066): 2441*Johan
I/System.out( 1066): 1902*Arwidmark
I/System.out( 1066): 2442*Arwidmark
I/System.out( 1066): 1907*
I/System.out( 1066): 2443*
I/System.out( 1066): 2444*Johan Arwidmark 
I/System.out( 1066): 1908*Chief Technical Architect
I/System.out( 1066): 2445*Chief Technical Architect
I/System.out( 1066): 1908*Chief Technical Architect
I/System.out( 1066): 2446*Chief Technical Architect
I/System.out( 1066): 1900*Knowledge Factory
I/System.out( 1066): 2447*Knowledge Factory
I/System.out( 1066): 1900*Knowledge Factory
I/System.out( 1066): 2448*Knowledge Factory
I/System.out( 1066): 1906*Johan Arwidmark is the Chief Technical Architect with Knowledge Factory. He is a consultant, author and all-around geek specializing in Systems Management and Enterprise Windows Deployment Solutions. 
I/System.out( 1066): 
I/System.out( 1066): In addition to his consulting role, Johan present trainings and speaks at several conferences each year, including MMS and TechEd around the world. He is also actively involved in communities like deploymentresearch.com and myitforum.com, and he has been awarded Microsoft Most Valuable Professional (MVP) for eight years.
I/System.out( 1066): 
I/System.out( 1066): Johan is known for an energetic and humorous style, tackling complex concepts using simple "Real World" scenarios and lots of live demos. His areas of expertise include: Enterprise Windows Deployment Tools and Solutions, ConfigMgr, MDT, WinPE, USMT, and WDS.
I/System.out( 1066): 2449*Johan Arwidmark is the Chief Technical Architect with Knowledge Factory. He is a consultant, author and all-around geek specializing in Systems Management and Enterprise Windows Deployment Solutions. 
I/System.out( 1066): 
I/System.out( 1066): In addition to his consulting role, Johan present trainings and speaks at several conferences each year, including MMS and TechEd around the world. He is also actively involved in communities like deploymentresearch.com and myitforum.com, and he has been awarded Microsoft Most Valuable Professional (MVP) for eight years.
I/System.out( 1066): 
I/System.out( 1066): Johan is known for an energetic and humorous style, tackling complex concepts using simple "Real World" scenarios and lots of live demos. His areas of expertise include: Enterprise Windows Deployment Tools and Solutions, ConfigMgr, MDT, WinPE, USMT, and WDS.
I/System.out( 1066): 1906*Johan Arwidmark is the Chief Technical Architect with Knowledge Factory. He is a consultant, author and all-around geek specializing in Systems Management and Enterprise Windows Deployment Solutions. 
I/System.out( 1066): 
I/System.out( 1066): In addition to his consulting role, Johan present trainings and speaks at several conferences each year, including MMS and TechEd around the world. He is also actively involved in communities like deploymentresearch.com and myitforum.com, and he has been awarded Microsoft Most Valuable Professional (MVP) for eight years.
I/System.out( 1066): 
I/System.out( 1066): Johan is known for an energetic and humorous style, tackling complex concepts using simple "Real World" scenarios and lots of live demos. His areas of expertise include: Enterprise Windows Deployment Tools and Solutions, ConfigMgr, MDT, WinPE, USMT, and WDS.
I/System.out( 1066): 2450*Johan Arwidmark is the Chief Technical Architect with Knowledge Factory. He is a consultant, author and all-around geek specializing in Systems Management and Enterprise Windows Deployment Solutions. 
I/System.out( 1066): 
I/System.out( 1066): In addition to his consulting role, Johan present trainings and speaks at several conferences each year, including MMS and TechEd around the world. He is also actively involved in communities like deploymentresearch.com and myitforum.com, and he has been awarded Microsoft Most Valuable Professional (MVP) for eight years.
I/System.out( 1066): 
I/System.out( 1066): Johan is known for an energetic and humorous style, tackling complex concepts using simple "Real World" scenarios and lots of live demos. His areas of expertise include: Enterprise Windows Deployment Tools and Solutions, ConfigMgr, MDT, WinPE, USMT, and WDS.
I/System.out( 1066): 3688*chirpe_data.sqlite
I/System.out( 1066): 3689*chirpe_data.sqlite
I/System.out( 1066): 3695*/data/data/a2z.Mobile.DevConnections/databases/
I/System.out( 1066): 3696*/data/data/a2z.Mobile.DevConnections/databases/
I/System.out( 1066): 3697*chirpe_data.sqlite
I/System.out( 1066): 3698*/data/data/a2z.Mobile.DevConnections/databases/chirpe_data.sqlite
I/System.out( 1066): 3691*/data/data/a2z.Mobile.DevConnections/databases/
I/System.out( 1066): 3692*/data/data/a2z.Mobile.DevConnections/databases/
I/System.out( 1066): 3693*chirpe_data.sqlite
I/System.out( 1066): 3694*/data/data/a2z.Mobile.DevConnections/databases/chirpe_data.sqlite
I/System.out( 1066): 2340*1135770
I/System.out( 1066): 2341*SELECT SessionID, SessionTitle, RoomNumber  from SessionSpeaker WHERE SpeakerID=1135770 ORDER BY SessionTitle, RoomNumber
I/System.out( 1066): 2342*A Geek's Guide to USMT 5.0
I/System.out( 1066): 2343*A Geek's Guide to USMT 5.0
I/System.out( 1066): 2344*
I/System.out( 1066): 2345*
I/System.out( 1066): 2342*Developing Hydration Kits  IT Pro Automation at Its Best!
I/System.out( 1066): 2343*Developing Hydration Kits  IT Pro Automation at Its Best!
I/System.out( 1066): 2344*
I/System.out( 1066): 2345*
I/System.out( 1066): 2342*Implementing System Center 2012 Configuration Manager SP1 in the Real World
I/System.out( 1066): 2343*Implementing System Center 2012 Configuration Manager SP1 in the Real World
I/System.out( 1066): 2344*
I/System.out( 1066): 2345*
I/System.out( 1066): 2420*A Geek's Guide to USMT 5.0
I/System.out( 1066): 2453*A Geek's Guide to USMT 5.0
I/System.out( 1066): 2420*Developing Hydration Kits  IT Pro Automation at Its Best!
I/System.out( 1066): 2453*Developing Hydration Kits  IT Pro Automation at Its Best!
I/System.out( 1066): 2420*Implementing System Center 2012 Configuration Manager SP1 in the Real World
I/System.out( 1066): 2453*Implementing System Center 2012 Configuration Manager SP1 in the Real World
I/System.out( 1066): 2725*http://s31.a2zinc.net/clients/penton/globaladmin//custom/photos/contact_1135770.jpg_768x1232
I/System.out( 1066): 3352*http://s31.a2zinc.net/clients/penton/globaladmin//custom/photos/contact_1135770.jpg_768x1232
I/System.out( 1066): 3353*http://s31.a2zinc.net/clients/penton/globaladmin//custom/photos/contact_1135770.jpg_768x1232
I/System.out( 1066): 3367*http://s31.a2zinc.net/clients/penton/globaladmin//custom/photos/contact_1135770.jpg_768x1232
I/System.out( 1066): 2922*Start display image task [http://s31.a2zinc.net/clients/penton/globaladmin//custom/photos/contact_1135770.jpg_768x1232]
I/System.out( 1066): 2923*ImageLoader
I/ImageLoader( 1066): Start display image task [http://s31.a2zinc.net/clients/penton/globaladmin//custom/photos/contact_1135770.jpg_768x1232]
I/System.out( 1066): 2725*http://s31.a2zinc.net/clients/penton/globaladmin//custom/photos/contact_1135770.jpg_768x1232
I/System.out( 1066): 3352*http://s31.a2zinc.net/clients/penton/globaladmin//custom/photos/contact_1135770.jpg_768x1232
I/System.out( 1066): 3353*http://s31.a2zinc.net/clients/penton/globaladmin//custom/photos/contact_1135770.jpg_768x1232
I/System.out( 1066): 3370*http://s31.a2zinc.net/clients/penton/globaladmin//custom/photos/contact_1135770.jpg_768x1232
I/System.out( 1066): 833*http://s31.a2zinc.net/clients/penton/globaladmin//custom/photos/contact_1135770.jpg_768x1232
I/System.out( 1066): 3357*http://s31.a2zinc.net/clients/penton/globaladmin//custom/photos/contact_1135770.jpg
I/System.out( 1066): 1793*-1154305960
I/System.out( 1066): 1818*-1154305960
I/System.out( 1066): 3358*http://s31.a2zinc.net/clients/penton/globaladmin//custom/photos/contact_1135770.jpg_768x1232
I/System.out( 1066): 2922*Load image from disc cache [http://s31.a2zinc.net/clients/penton/globaladmin//custom/photos/contact_1135770.jpg_768x1232]
I/System.out( 1066): 2923*ImageLoader
I/ImageLoader( 1066): Load image from disc cache [http://s31.a2zinc.net/clients/penton/globaladmin//custom/photos/contact_1135770.jpg_768x1232]
I/System.out( 1066): 843*file
I/System.out( 1066): 2922*Original image (120x150) is going to be subsampled to 768x1232 view. Computed scale size - 1
I/System.out( 1066): 2923*ImageLoader
D/ImageLoader( 1066): Original image (120x150) is going to be subsampled to 768x1232 view. Computed scale size - 1
I/System.out( 1066): 843*file
D/dalvikvm( 1066): GC_FOR_ALLOC freed 604K, 13% free 8541K/9792K, paused 2ms, total 3ms
I/System.out( 1066): 2725*http://s31.a2zinc.net/clients/penton/globaladmin//custom/photos/contact_1135770.jpg_768x1232
I/System.out( 1066): 3352*http://s31.a2zinc.net/clients/penton/globaladmin//custom/photos/contact_1135770.jpg_768x1232
I/System.out( 1066): 3353*http://s31.a2zinc.net/clients/penton/globaladmin//custom/photos/contact_1135770.jpg_768x1232
I/System.out( 1066): 2725*http://s31.a2zinc.net/clients/penton/globaladmin//custom/photos/contact_1135770.jpg_768x1232
I/System.out( 1066): 3352*http://s31.a2zinc.net/clients/penton/globaladmin//custom/photos/contact_1135770.jpg_768x1232
I/System.out( 1066): 3353*http://s31.a2zinc.net/clients/penton/globaladmin//custom/photos/contact_1135770.jpg_768x1232
I/System.out( 1066): 1938*http://s31.a2zinc.net/clients/penton/globaladmin//custom/photos/contact_1135770.jpg_768x1232
W/ViewRootImpl( 1066): Dropping event due to no window focus: KeyEvent { action=ACTION_DOWN, keyCode=KEYCODE_ALT_RIGHT, scanCode=100, metaState=META_ALT_ON|META_ALT_RIGHT_ON, flags=0x8, repeatCount=40072, eventTime=2179913, downTime=153409, deviceId=1, source=0x301 }
I/ActivityManager(  371): Displayed a2z.Mobile.DevConnections/.SpeakerProfileActivity: +107ms
I/System.out( 1066): 2725*http://s31.a2zinc.net/clients/penton/globaladmin//custom/photos/contact_1135770.jpg_768x1232
I/System.out( 1066): 1939*http://s31.a2zinc.net/clients/penton/globaladmin//custom/photos/contact_1135770.jpg_768x1232
I/System.out( 1066): 1940*http://s31.a2zinc.net/clients/penton/globaladmin//custom/photos/contact_1135770.jpg_768x1232
I/System.out( 1066): 1942*http://s31.a2zinc.net/clients/penton/globaladmin//custom/photos/contact_1135770.jpg_768x1232
I/System.out( 1066): 2922*Display image in ImageView [http://s31.a2zinc.net/clients/penton/globaladmin//custom/photos/contact_1135770.jpg_768x1232]
I/System.out( 1066): 2923*ImageLoader
I/ImageLoader( 1066): Display image in ImageView [http://s31.a2zinc.net/clients/penton/globaladmin//custom/photos/contact_1135770.jpg_768x1232]
W/ViewRootImpl( 1066): Dropping event due to no window focus: KeyEvent { action=ACTION_DOWN, keyCode=KEYCODE_ALT_RIGHT, scanCode=100, metaState=META_ALT_ON|META_ALT_RIGHT_ON, flags=0x8, repeatCount=40073, eventTime=2179964, downTime=153409, deviceId=1, source=0x301 }
D/dalvikvm(  371): GC_CONCURRENT freed 700K, 20% free 7474K/9300K, paused 2ms+1ms, total 11ms
V/DeadZone(  446): consuming errant click: (290.62158,0.037475586)
D/dalvikvm(  371): GC_CONCURRENT freed 709K, 20% free 7466K/9300K, paused 2ms+1ms, total 7ms
D/        (  371): HostConnection::get() New Host Connection established 0xb8b05bd0, tid 1064
D/dalvikvm(  371): GC_FOR_ALLOC freed 660K, 20% free 7463K/9300K, paused 7ms, total 7ms
E/Genymotion(  371): Could not open '/sys/class/power_supply/genymotion_fake_path/present'
D/        (  371): HostConnection::get() New Host Connection established 0xb8c0e028, tid 642
D/dalvikvm(  371): GC_FOR_ALLOC freed 377K, 19% free 7587K/9300K, paused 8ms, total 9ms
D/dalvikvm(  371): GC_FOR_ALLOC freed 250K, 20% free 7459K/9300K, paused 6ms, total 6ms
D/dalvikvm(  371): GC_CONCURRENT freed 687K, 20% free 7509K/9300K, paused 1ms+5ms, total 10ms
D/dalvikvm(  371): GC_CONCURRENT freed 751K, 20% free 7468K/9300K, paused 2ms+1ms, total 8ms
W/genymotion_audio(  122): out_write() limiting sleep time 25101 to 23219
I/ActivityManager(  371): START u0 {cmp=a2z.Mobile.DevConnections/.BuzzListActivity (has extras)} from pid 1066
W/genymotion_audio(  122): out_write() limiting sleep time 58049 to 23219
W/genymotion_audio(  122): out_write() limiting sleep time 24149 to 23219
D/dalvikvm(  371): GC_FOR_ALLOC freed 609K, 19% free 7587K/9300K, paused 7ms, total 8ms
D/dalvikvm(  371): GC_CONCURRENT freed 4K, 18% free 7703K/9300K, paused 1ms+0ms, total 3ms
D/dalvikvm(  371): GC_FOR_ALLOC freed 246K, 20% free 7457K/9300K, paused 4ms, total 4ms
I/System.out( 1066): 846*Dashboard
I/System.out( 1066): 194*chirpe_analytics.sqlite
I/System.out( 1066): 195*chirpe_analytics.sqlite
I/System.out( 1066): 200*/data/data/a2z.Mobile.DevConnections/databases/
I/System.out( 1066): 201*/data/data/a2z.Mobile.DevConnections/databases/
I/System.out( 1066): 202*chirpe_analytics.sqlite
I/System.out( 1066): 203*/data/data/a2z.Mobile.DevConnections/databases/chirpe_analytics.sqlite
I/System.out( 1066): 196*/data/data/a2z.Mobile.DevConnections/databases/
I/System.out( 1066): 197*/data/data/a2z.Mobile.DevConnections/databases/
I/System.out( 1066): 198*chirpe_analytics.sqlite
I/System.out( 1066): 199*/data/data/a2z.Mobile.DevConnections/databases/chirpe_analytics.sqlite
I/System.out( 1066): 2151*null
I/System.out( 1066): 2152*Dashboard
I/System.out( 1066): 2153*0
D/Analytics Save()( 1066): Inserted New Activity Record into local Analytics Databse
I/System.out( 1066): 2040*
I/System.out( 1066): 2059*http://s31.a2zinc.net/a2zExpoService/a2zExpoService.svc
I/System.out( 1066): 2465*http://s31.a2zinc.net/a2zExpoService/a2zExpoService.svc
I/System.out( 1066): 2040*4e7d6dcc-10e0-41df-86c3-cba8456faa97
I/System.out( 1066): 2053*4e7d6dcc-10e0-41df-86c3-cba8456faa97
I/System.out( 1066): 2466*4e7d6dcc-10e0-41df-86c3-cba8456faa97
I/System.out( 1066): 2040*
I/System.out( 1066): 2045*2011
I/System.out( 1066): 2467*2011
I/System.out( 1066): 2468*http://s31.a2zinc.net/a2zExpoService/a2zExpoService.svc
I/System.out( 1066): 2469*http://s31.a2zinc.net/a2zExpoService/a2zExpoService.svc/getChirpEBuzz/4e7d6dcc-10e0-41df-86c3-cba8456faa97/2011/25/1
I/ActivityManager(  371): Displayed a2z.Mobile.DevConnections/.BuzzListActivity: +102ms
D/dalvikvm(  371): GC_CONCURRENT freed 676K, 20% free 7495K/9300K, paused 2ms+2ms, total 10ms
W/genymotion_audio(  122): out_write() limiting sleep time 25101 to 23219
I/System.out( 1066): 194*chirpe_analytics.sqlite
I/System.out( 1066): 195*chirpe_analytics.sqlite
I/System.out( 1066): 200*/data/data/a2z.Mobile.DevConnections/databases/
I/System.out( 1066): 201*/data/data/a2z.Mobile.DevConnections/databases/
I/System.out( 1066): 202*chirpe_analytics.sqlite
I/System.out( 1066): 203*/data/data/a2z.Mobile.DevConnections/databases/chirpe_analytics.sqlite
I/System.out( 1066): 196*/data/data/a2z.Mobile.DevConnections/databases/
I/System.out( 1066): 197*/data/data/a2z.Mobile.DevConnections/databases/
I/System.out( 1066): 198*chirpe_analytics.sqlite
I/System.out( 1066): 199*/data/data/a2z.Mobile.DevConnections/databases/chirpe_analytics.sqlite
I/System.out( 1066): 2149*null
I/System.out( 1066): 2150*Splash
I/System.out( 1066): 2149*null
I/System.out( 1066): 2150*Dashboard
I/System.out( 1066): 2149*null
I/System.out( 1066): 2150*Dashboard
I/System.out( 1066): 2149*null
I/System.out( 1066): 2150*Splash
I/System.out( 1066): 2149*null
I/System.out( 1066): 2150*Dashboard
I/System.out( 1066): 2149*SessionList?Track=General Events
I/System.out( 1066): 2150*TrackList
I/System.out( 1066): 2149*null
I/System.out( 1066): 2150*Splash
I/System.out( 1066): 2149*null
I/System.out( 1066): 2150*Dashboard
I/System.out( 1066): 2149*SpeakerID=1135770
I/System.out( 1066): 2150*SpeakerList
I/System.out( 1066): 2149*null
I/System.out( 1066): 2150*Dashboard
I/System.out( 1066): 2040*
I/System.out( 1066): 2043*http://s31.a2zinc.net/a2zExpoService/TrackerServer.svc/
I/System.out( 1066): 3311*http://s31.a2zinc.net/a2zExpoService/TrackerServer.svc/
I/System.out( 1066): 3313*http://s31.a2zinc.net/a2zExpoService/TrackerServer.svc/
I/System.out( 1066): 2040*
I/System.out( 1066): 2058*36B5EBE1-0D2F-4667-AB38-8E97157F6995
I/System.out( 1066): 3314*36B5EBE1-0D2F-4667-AB38-8E97157F6995
I/System.out( 1066): 2040*
I/System.out( 1066): 2044*Android
I/System.out( 1066): 3315*Android
I/System.out( 1066): 2040*
I/System.out( 1066): 2086*http://s31.a2zinc.net/a2zExpoService/TrackerServer.svc/
I/System.out( 1066): 2087*http://s31.a2zinc.net/a2zExpoService/TrackerServer.svc/
I/System.out( 1066): 2088*36B5EBE1-0D2F-4667-AB38-8E97157F6995
I/System.out( 1066): 2089*Android
I/System.out( 1066): 2090*Android
I/System.out( 1066): 2091*4.3
I/System.out( 1066): 2092*4.3
I/System.out( 1066): 2093*Genymotion
I/System.out( 1066): 2094*Genymotion
I/System.out( 1066): 2095*Custom Phone - 4.3 - API 18 - 768x1280
I/System.out( 1066): 2096*GenymotionCustom Phone - 4.3 - API 18 - 768x1280
I/System.out( 1066): 2097*GenymotionCustom+Phone+-+4.3+-+API+18+-+768x1280
I/System.out( 1066): 2066*fe80::a00:27ff:feaa:eed2%eth1
I/System.out( 1066): 2067*fe80::a00:27ff:feaa:eed2%eth1
I/System.out( 1066): 2098*fe80::a00:27ff:feaa:eed2%eth1
I/System.out( 1066): 2066*fe80::a00:27ff:feaa:eed2%eth1
I/System.out( 1066): 2067*fe80::a00:27ff:feaa:eed2%eth1
I/System.out( 1066): 2108*fe80::a00:27ff:feaa:eed2%eth1
I/System.out( 1066): 2099*fe80%3A%3Aa00%3A27ff%3Afeaa%3Aeed2%25eth1
I/System.out( 1066): 2100*http://s31.a2zinc.net/a2zExpoService/TrackerServer.svc/CreateUserSessionID/36B5EBE1-0D2F-4667-AB38-8E97157F6995/Android/Android/4.3/GenymotionCustom+Phone+-+4.3+-+API+18+-+768x1280/fe80%3A%3Aa00%3A27ff%3Afeaa%3Aeed2%25eth1/null
E/Genymotion(  371): Could not open '/sys/class/power_supply/genymotion_fake_path/present'
I/System.out( 1066): 2054*
I/System.out( 1066): 2055*
I/System.out( 1066): 3316*
I/System.out( 1066): 2040*
I/System.out( 1066): 2111*e2c5e3c91b031b0
I/System.out( 1066): 2040*
I/System.out( 1066): 2059*http://s31.a2zinc.net/a2zExpoService/a2zExpoService.svc
I/System.out( 1066): 2112*http://s31.a2zinc.net/a2zExpoService/a2zExpoService.svc
I/System.out( 1066): 2113*http://s31.a2zinc.net/a2zExpoService/a2zExpoService.svc
I/System.out( 1066): 2114*Genymotion
I/System.out( 1066): 2115*Genymotion
I/System.out( 1066): 2116*Custom Phone - 4.3 - API 18 - 768x1280
I/System.out( 1066): 2117*Custom+Phone+-+4.3+-+API+18+-+768x1280
I/System.out( 1066): 2118*http://s31.a2zinc.net/a2zExpoService/a2zExpoService.svc/CreateUserSessionID/Androidapp/Genymotion/Custom+Phone+-+4.3+-+API+18+-+768x1280/e2c5e3c91b031b0/0.0.0.0/none
I/System.out( 1066): 2056*
I/System.out( 1066): 2057*
I/System.out( 1066): 3317*
I/System.out( 1066): 2040*
I/System.out( 1066): 2041*483
I/System.out( 1066): 3318*483
I/System.out( 1066): 3319*http://s31.a2zinc.net/a2zExpoService/TrackerServer.svc/TrackEvent/36B5EBE1-0D2F-4667-AB38-8E97157F6995/Android///0/0/%20/0/483/
I/System.out( 1066): 3320*Splash
I/System.out( 1066): 3321*http://s31.a2zinc.net/a2zExpoService/TrackerServer.svc/TrackEvent/36B5EBE1-0D2F-4667-AB38-8E97157F6995/Android///0/0/%20/0/483/
I/System.out( 1066): 3322*Splash
I/System.out( 1066): 3323*Splash
I/System.out( 1066): 3324*http://s31.a2zinc.net/a2zExpoService/TrackerServer.svc/TrackEvent/36B5EBE1-0D2F-4667-AB38-8E97157F6995/Android///0/0/%20/0/483/Splash
I/System.out( 1066): 3327*http://s31.a2zinc.net/a2zExpoService/TrackerServer.svc/TrackEvent/36B5EBE1-0D2F-4667-AB38-8E97157F6995/Android///0/0/%20/0/483/Splash
I/System.out( 1066): 3328*http://s31.a2zinc.net/a2zExpoService/TrackerServer.svc/TrackEvent/36B5EBE1-0D2F-4667-AB38-8E97157F6995/Android///0/0/%20/0/483/Splash
