I/System.out( 1034): 2131*Developer (69)
I/System.out( 1034): 1633*Exchange
I/System.out( 1034): 2128*Exchange
I/System.out( 1034): 2129*Exchange
I/System.out( 1034): 2130*22
I/System.out( 1034): 2131*Exchange (22)
I/System.out( 1034): 1633*General Events
I/System.out( 1034): 2128*General Events
I/System.out( 1034): 2129*General Events
I/System.out( 1034): 2130*17
I/System.out( 1034): 2131*General Events (17)
I/System.out( 1034): 1633*IT
I/System.out( 1034): 2128*IT
I/System.out( 1034): 2129*IT
I/System.out( 1034): 2130*34
I/System.out( 1034): 2131*IT (34)
I/System.out( 1034): 1633*SQL Server
I/System.out( 1034): 2128*SQL Server
I/System.out( 1034): 2129*SQL Server
I/System.out( 1034): 2130*50
I/System.out( 1034): 2131*SQL Server (50)
I/System.out( 1034): 1633*SharePoint
I/System.out( 1034): 2128*SharePoint
I/System.out( 1034): 2129*SharePoint
I/System.out( 1034): 2130*26
I/System.out( 1034): 2131*SharePoint (26)
W/ViewRootImpl( 1034): Dropping event due to no window focus: KeyEvent { action=ACTION_DOWN, keyCode=KEYCODE_ALT_RIGHT, scanCode=100, metaState=META_ALT_ON|META_ALT_RIGHT_ON, flags=0x8, repeatCount=39990, eventTime=2175036, downTime=153409, deviceId=1, source=0x301 }
W/ViewRootImpl( 1034): Dropping event due to no window focus: KeyEvent { action=ACTION_DOWN, keyCode=KEYCODE_ALT_RIGHT, scanCode=100, metaState=META_ALT_ON|META_ALT_RIGHT_ON, flags=0x8, repeatCount=39991, eventTime=2175150, downTime=153409, deviceId=1, source=0x301 }
I/ActivityManager(  371): Displayed a2z.Mobile.DevConnections/.TrackListActivity: +96ms
D/dalvikvm(  371): GC_CONCURRENT freed 687K, 20% free 7457K/9300K, paused 0ms+1ms, total 12ms
I/System.out( 1034): 1633*General Events
I/System.out( 1034): 1797*General Events
I/ActivityManager(  371): START u0 {cmp=a2z.Mobile.DevConnections/.SessionListActivity (has extras)} from pid 1034
D/        (  371): HostConnection::get() New Host Connection established 0xb8aff578, tid 500
D/dalvikvm(  371): GC_FOR_ALLOC freed 336K, 20% free 7451K/9300K, paused 5ms, total 5ms
I/System.out( 1034): 3004*General Events
I/System.out( 1034): 3005*Schedule (General Events)
I/System.out( 1034): 3006*SessionList
I/System.out( 1034): 3007*General Events
I/System.out( 1034): 3008*SessionList?Track=General Events
I/System.out( 1034): 3009*SessionList?Track=General Events
I/System.out( 1034): 3010*null
I/System.out( 1034): 3017*
I/System.out( 1034): 3688*chirpe_data.sqlite
I/System.out( 1034): 3689*chirpe_data.sqlite
I/System.out( 1034): 3695*/data/data/a2z.Mobile.DevConnections/databases/
I/System.out( 1034): 3696*/data/data/a2z.Mobile.DevConnections/databases/
I/System.out( 1034): 3697*chirpe_data.sqlite
I/System.out( 1034): 3698*/data/data/a2z.Mobile.DevConnections/databases/chirpe_data.sqlite
I/System.out( 1034): 3691*/data/data/a2z.Mobile.DevConnections/databases/
I/System.out( 1034): 3692*/data/data/a2z.Mobile.DevConnections/databases/
I/System.out( 1034): 3693*chirpe_data.sqlite
I/System.out( 1034): 3694*/data/data/a2z.Mobile.DevConnections/databases/chirpe_data.sqlite
I/System.out( 1034): 2373*SELECT SessionID, SessionNumber, Title, Description, RoomNumber, SessionDate, StartTime, EndTime, IsFavoriteonDevice FROM Session 
I/System.out( 1034): 2374*1000314
I/System.out( 1034): 2375*SELECT SessionID, SessionNumber, Title, Description, RoomNumber, SessionDate, StartTime, EndTime, IsFavoriteonDevice FROM Session  WHERE SessionID IN (SELECT SessionID FROM Tracks WHERE TrackID=1000314) 
I/System.out( 1034): 2376*SELECT SessionID, SessionNumber, Title, Description, RoomNumber, SessionDate, StartTime, EndTime, IsFavoriteonDevice FROM Session  WHERE SessionID IN (SELECT SessionID FROM Tracks WHERE TrackID=1000314) 
I/System.out( 1034): 2377*SELECT SessionID, SessionNumber, Title, Description, RoomNumber, SessionDate, StartTime, EndTime, IsFavoriteonDevice FROM Session  WHERE SessionID IN (SELECT SessionID FROM Tracks WHERE TrackID=1000314)  AND (SessionNumber LIKE '%%' 
I/System.out( 1034): 2378*SELECT SessionID, SessionNumber, Title, Description, RoomNumber, SessionDate, StartTime, EndTime, IsFavoriteonDevice FROM Session  WHERE SessionID IN (SELECT SessionID FROM Tracks WHERE TrackID=1000314)  AND (SessionNumber LIKE '%%' 
I/System.out( 1034): 2379*SELECT SessionID, SessionNumber, Title, Description, RoomNumber, SessionDate, StartTime, EndTime, IsFavoriteonDevice FROM Session  WHERE SessionID IN (SELECT SessionID FROM Tracks WHERE TrackID=1000314)  AND (SessionNumber LIKE '%%'  OR Title LIKE '%%' 
I/System.out( 1034): 2380*SELECT SessionID, SessionNumber, Title, Description, RoomNumber, SessionDate, StartTime, EndTime, IsFavoriteonDevice FROM Session  WHERE SessionID IN (SELECT SessionID FROM Tracks WHERE TrackID=1000314)  AND (SessionNumber LIKE '%%'  OR Title LIKE '%%' 
I/System.out( 1034): 2381*SELECT SessionID, SessionNumber, Title, Description, RoomNumber, SessionDate, StartTime, EndTime, IsFavoriteonDevice FROM Session  WHERE SessionID IN (SELECT SessionID FROM Tracks WHERE TrackID=1000314)  AND (SessionNumber LIKE '%%'  OR Title LIKE '%%'  OR Description LIKE '%%' 
I/System.out( 1034): 2382*SELECT SessionID, SessionNumber, Title, Description, RoomNumber, SessionDate, StartTime, EndTime, IsFavoriteonDevice FROM Session  WHERE SessionID IN (SELECT SessionID FROM Tracks WHERE TrackID=1000314)  AND (SessionNumber LIKE '%%'  OR Title LIKE '%%'  OR Description LIKE '%%' 
I/System.out( 1034): 2383*SELECT SessionID, SessionNumber, Title, Description, RoomNumber, SessionDate, StartTime, EndTime, IsFavoriteonDevice FROM Session  WHERE SessionID IN (SELECT SessionID FROM Tracks WHERE TrackID=1000314)  AND (SessionNumber LIKE '%%'  OR Title LIKE '%%'  OR Description LIKE '%%'  OR RoomNumber LIKE '%%') 
I/System.out( 1034): 2384*SELECT SessionID, SessionNumber, Title, Description, RoomNumber, SessionDate, StartTime, EndTime, IsFavoriteonDevice FROM Session  WHERE SessionID IN (SELECT SessionID FROM Tracks WHERE TrackID=1000314)  AND (SessionNumber LIKE '%%'  OR Title LIKE '%%'  OR Description LIKE '%%'  OR RoomNumber LIKE '%%') 
I/System.out( 1034): 2385*SELECT SessionID, SessionNumber, Title, Description, RoomNumber, SessionDate, StartTime, EndTime, IsFavoriteonDevice FROM Session  WHERE SessionID IN (SELECT SessionID FROM Tracks WHERE TrackID=1000314)  AND (SessionNumber LIKE '%%'  OR Title LIKE '%%'  OR Description LIKE '%%'  OR RoomNumber LIKE '%%')  ORDER BY DateSortID, TimeSortID
I/System.out( 1034): 2357*null
I/System.out( 1034): 2359*Lunch
I/System.out( 1034): 2360*Lunch
I/System.out( 1034): 2361*
I/System.out( 1034): 2362*
I/System.out( 1034): 2363*
I/System.out( 1034): 2364*
I/System.out( 1034): 2365*Monday, 30 September 2013
I/System.out( 1034): 2366*Monday, 30 September 2013
I/System.out( 1034): 2367*12:00 PM
I/System.out( 1034): 2368*12:00 PM
I/System.out( 1034): 2369*01:00 PM
I/System.out( 1034): 2370*01:00 PM
I/System.out( 1034): 2357*null
I/System.out( 1034): 2359*Breakfast
I/System.out( 1034): 2360*Breakfast
I/System.out( 1034): 2361*
I/System.out( 1034): 2362*
I/System.out( 1034): 2363*
I/System.out( 1034): 2364*
I/System.out( 1034): 2365*Tuesday, 01 October 2013
I/System.out( 1034): 2366*Tuesday, 01 October 2013
I/System.out( 1034): 2367*07:30 AM
I/System.out( 1034): 2368*07:30 AM
I/System.out( 1034): 2369*08:30 AM
I/System.out( 1034): 2370*08:30 AM
I/System.out( 1034): 2357*null
I/System.out( 1034): 2359*Break 1
I/System.out( 1034): 2360*Break 1
I/System.out( 1034): 2361*
I/System.out( 1034): 2362*
I/System.out( 1034): 2363*
I/System.out( 1034): 2364*
I/System.out( 1034): 2365*Tuesday, 01 October 2013
I/System.out( 1034): 2366*Tuesday, 01 October 2013
I/System.out( 1034): 2367*09:30 AM
I/System.out( 1034): 2368*09:30 AM
I/System.out( 1034): 2369*10:00 AM
I/System.out( 1034): 2370*10:00 AM
I/System.out( 1034): 2357*null
I/System.out( 1034): 2359*Break 2
I/System.out( 1034): 2360*Break 2
I/System.out( 1034): 2361*
I/System.out( 1034): 2362*
I/System.out( 1034): 2363*
I/System.out( 1034): 2364*
I/System.out( 1034): 2365*Tuesday, 01 October 2013
I/System.out( 1034): 2366*Tuesday, 01 October 2013
I/System.out( 1034): 2367*11:15 AM
I/System.out( 1034): 2368*11:15 AM
I/System.out( 1034): 2369*11:45 AM
I/System.out( 1034): 2370*11:45 AM
I/System.out( 1034): 2357*null
I/System.out( 1034): 2359*Lunch
I/System.out( 1034): 2360*Lunch
I/System.out( 1034): 2361*
I/System.out( 1034): 2362*
I/System.out( 1034): 2363*
I/System.out( 1034): 2364*
I/System.out( 1034): 2365*Tuesday, 01 October 2013
I/System.out( 1034): 2366*Tuesday, 01 October 2013
I/System.out( 1034): 2367*01:00 PM
I/System.out( 1034): 2368*01:00 PM
I/System.out( 1034): 2369*02:30 PM
I/System.out( 1034): 2370*02:30 PM
I/System.out( 1034): 2357*null
I/System.out( 1034): 2359*Break 3
I/System.out( 1034): 2360*Break 3
I/System.out( 1034): 2361*
I/System.out( 1034): 2362*
I/System.out( 1034): 2363*
I/System.out( 1034): 2364*
I/System.out( 1034): 2365*Tuesday, 01 October 2013
I/System.out( 1034): 2366*Tuesday, 01 October 2013
I/System.out( 1034): 2367*03:45 PM
I/System.out( 1034): 2368*03:45 PM
I/System.out( 1034): 2369*04:15 PM
I/System.out( 1034): 2370*04:15 PM
I/System.out( 1034): 2357*null
I/System.out( 1034): 2359*VIP Reception
I/System.out( 1034): 2360*VIP Reception
I/System.out( 1034): 2361*
I/System.out( 1034): 2362*
I/System.out( 1034): 2363*
I/System.out( 1034): 2364*
I/System.out( 1034): 2365*Tuesday, 01 October 2013
I/System.out( 1034): 2366*Tuesday, 01 October 2013
I/System.out( 1034): 2367*05:30 PM
I/System.out( 1034): 2368*05:30 PM
I/System.out( 1034): 2369*07:30 PM
I/System.out( 1034): 2370*07:30 PM
I/System.out( 1034): 2357*null
I/System.out( 1034): 2359*Breakfast
I/System.out( 1034): 2360*Breakfast
I/System.out( 1034): 2361*
I/System.out( 1034): 2362*
I/System.out( 1034): 2363*
I/System.out( 1034): 2364*
I/System.out( 1034): 2365*Wednesday, 02 October 2013
I/System.out( 1034): 2366*Wednesday, 02 October 2013
I/System.out( 1034): 2367*07:30 AM
I/System.out( 1034): 2368*07:30 AM
I/System.out( 1034): 2369*08:30 AM
I/System.out( 1034): 2370*08:30 AM
I/System.out( 1034): 2357*null
I/System.out( 1034): 2359*Break 1
I/System.out( 1034): 2360*Break 1
I/System.out( 1034): 2361*
I/System.out( 1034): 2362*
I/System.out( 1034): 2363*
I/System.out( 1034): 2364*
I/System.out( 1034): 2365*Wednesday, 02 October 2013
I/System.out( 1034): 2366*Wednesday, 02 October 2013
I/System.out( 1034): 2367*09:30 AM
I/System.out( 1034): 2368*09:30 AM
I/System.out( 1034): 2369*10:00 AM
I/System.out( 1034): 2370*10:00 AM
I/System.out( 1034): 2357*null
I/System.out( 1034): 2359*Break 2
I/System.out( 1034): 2360*Break 2
I/System.out( 1034): 2361*
I/System.out( 1034): 2362*
I/System.out( 1034): 2363*
I/System.out( 1034): 2364*
I/System.out( 1034): 2365*Wednesday, 02 October 2013
I/System.out( 1034): 2366*Wednesday, 02 October 2013
I/System.out( 1034): 2367*11:15 AM
I/System.out( 1034): 2368*11:15 AM
I/System.out( 1034): 2369*11:45 AM
I/System.out( 1034): 2370*11:45 AM
I/System.out( 1034): 2357*null
I/System.out( 1034): 2359*Lunch
I/System.out( 1034): 2360*Lunch
I/System.out( 1034): 2361*
I/System.out( 1034): 2362*
I/System.out( 1034): 2363*
I/System.out( 1034): 2364*
I/System.out( 1034): 2365*Wednesday, 02 October 2013
I/System.out( 1034): 2366*Wednesday, 02 October 2013
I/System.out( 1034): 2367*01:00 PM
I/System.out( 1034): 2368*01:00 PM
I/System.out( 1034): 2369*02:30 PM
I/System.out( 1034): 2370*02:30 PM
I/System.out( 1034): 2357*null
I/System.out( 1034): 2359*Break 3
I/System.out( 1034): 2360*Break 3
I/System.out( 1034): 2361*
I/System.out( 1034): 2362*
I/System.out( 1034): 2363*
I/System.out( 1034): 2364*
I/System.out( 1034): 2365*Wednesday, 02 October 2013
I/System.out( 1034): 2366*Wednesday, 02 October 2013
I/System.out( 1034): 2367*03:45 PM
I/System.out( 1034): 2368*03:45 PM
I/System.out( 1034): 2369*04:15 PM
I/System.out( 1034): 2370*04:15 PM
I/System.out( 1034): 2357*null
I/System.out( 1034): 2359*Breakfast
I/System.out( 1034): 2360*Breakfast
I/System.out( 1034): 2361*
I/System.out( 1034): 2362*
I/System.out( 1034): 2363*
I/System.out( 1034): 2364*
I/System.out( 1034): 2365*Thursday, 03 October 2013
I/System.out( 1034): 2366*Thursday, 03 October 2013
I/System.out( 1034): 2367*07:30 AM
I/System.out( 1034): 2368*07:30 AM
I/System.out( 1034): 2369*09:00 AM
I/System.out( 1034): 2370*09:00 AM
I/System.out( 1034): 2357*null
I/System.out( 1034): 2359*Break 1
I/System.out( 1034): 2360*Break 1
I/System.out( 1034): 2361*
I/System.out( 1034): 2362*
I/System.out( 1034): 2363*
I/System.out( 1034): 2364*
I/System.out( 1034): 2365*Thursday, 03 October 2013
I/System.out( 1034): 2366*Thursday, 03 October 2013
I/System.out( 1034): 2367*10:15 AM
I/System.out( 1034): 2368*10:15 AM
I/System.out( 1034): 2369*10:45 AM
I/System.out( 1034): 2370*10:45 AM
I/System.out( 1034): 2357*null
I/System.out( 1034): 2359*Lunch
I/System.out( 1034): 2360*Lunch
I/System.out( 1034): 2361*
I/System.out( 1034): 2362*
I/System.out( 1034): 2363*
I/System.out( 1034): 2364*
I/System.out( 1034): 2365*Thursday, 03 October 2013
I/System.out( 1034): 2366*Thursday, 03 October 2013
I/System.out( 1034): 2367*12:00 PM
I/System.out( 1034): 2368*12:00 PM
I/System.out( 1034): 2369*01:30 PM
I/System.out( 1034): 2370*01:30 PM
I/System.out( 1034): 2357*null
I/System.out( 1034): 2359*Break 2
I/System.out( 1034): 2360*Break 2
I/System.out( 1034): 2361*
I/System.out( 1034): 2362*
I/System.out( 1034): 2363*
I/System.out( 1034): 2364*
I/System.out( 1034): 2365*Thursday, 03 October 2013
I/System.out( 1034): 2366*Thursday, 03 October 2013
I/System.out( 1034): 2367*02:45 PM
I/System.out( 1034): 2368*02:45 PM
I/System.out( 1034): 2369*03:15 PM
I/System.out( 1034): 2370*03:15 PM
I/System.out( 1034): 2357*null
I/System.out( 1034): 2359*Lunch
I/System.out( 1034): 2360*Lunch
I/System.out( 1034): 2361*
I/System.out( 1034): 2362*
I/System.out( 1034): 2363*
I/System.out( 1034): 2364*
I/System.out( 1034): 2365*Friday, 04 October 2013
I/System.out( 1034): 2366*Friday, 04 October 2013
I/System.out( 1034): 2367*12:00 PM
I/System.out( 1034): 2368*12:00 PM
I/System.out( 1034): 2369*01:00 PM
I/System.out( 1034): 2370*01:00 PM
I/System.out( 1034): 3016*TrackList
I/System.out( 1034): 194*chirpe_analytics.sqlite
I/System.out( 1034): 195*chirpe_analytics.sqlite
I/System.out( 1034): 200*/data/data/a2z.Mobile.DevConnections/databases/
I/System.out( 1034): 201*/data/data/a2z.Mobile.DevConnections/databases/
I/System.out( 1034): 202*chirpe_analytics.sqlite
I/System.out( 1034): 203*/data/data/a2z.Mobile.DevConnections/databases/chirpe_analytics.sqlite
I/System.out( 1034): 196*/data/data/a2z.Mobile.DevConnections/databases/
I/System.out( 1034): 197*/data/data/a2z.Mobile.DevConnections/databases/
I/System.out( 1034): 198*chirpe_analytics.sqlite
I/System.out( 1034): 199*/data/data/a2z.Mobile.DevConnections/databases/chirpe_analytics.sqlite
I/System.out( 1034): 2151*SessionList?Track=General Events
I/System.out( 1034): 2152*TrackList
I/System.out( 1034): 2153*0
D/Analytics Save()( 1034): Inserted New Activity Record into local Analytics Databse
I/System.out( 1034): 2420*Lunch
I/System.out( 1034): 1479*Lunch
I/System.out( 1034): 2417*
I/System.out( 1034): 1480*
I/System.out( 1034): 2413*Monday, 30 September 2013
I/System.out( 1034): 1483*Monday, 30 September 2013
I/System.out( 1034): 2419*12:00 PM
I/System.out( 1034): 1484*12:00 PM
I/System.out( 1034): 1485*12:00 PM
I/System.out( 1034): 2415*01:00 PM
I/System.out( 1034): 1486*01:00 PM
I/System.out( 1034): 1487*12:00 PM - 01:00 PM
I/System.out( 1034): 2420*Breakfast
I/System.out( 1034): 1479*Breakfast
I/System.out( 1034): 2417*
I/System.out( 1034): 1480*
I/System.out( 1034): 2413*Tuesday, 01 October 2013
I/System.out( 1034): 1483*Tuesday, 01 October 2013
I/System.out( 1034): 2419*07:30 AM
I/System.out( 1034): 1484*07:30 AM
I/System.out( 1034): 1485*07:30 AM
I/System.out( 1034): 2415*08:30 AM
I/System.out( 1034): 1486*08:30 AM
I/System.out( 1034): 1487*07:30 AM - 08:30 AM
I/System.out( 1034): 2420*Break 1
I/System.out( 1034): 1479*Break 1
I/System.out( 1034): 2417*
I/System.out( 1034): 1480*
I/System.out( 1034): 2413*Tuesday, 01 October 2013
I/System.out( 1034): 1483*Tuesday, 01 October 2013
I/System.out( 1034): 2419*09:30 AM
I/System.out( 1034): 1484*09:30 AM
I/System.out( 1034): 1485*09:30 AM
I/System.out( 1034): 2415*10:00 AM
I/System.out( 1034): 1486*10:00 AM
I/System.out( 1034): 1487*09:30 AM - 10:00 AM
I/System.out( 1034): 2420*Break 2
I/System.out( 1034): 1479*Break 2
I/System.out( 1034): 2417*
I/System.out( 1034): 1480*
I/System.out( 1034): 2413*Tuesday, 01 October 2013
I/System.out( 1034): 1483*Tuesday, 01 October 2013
I/System.out( 1034): 2419*11:15 AM
I/System.out( 1034): 1484*11:15 AM
I/System.out( 1034): 1485*11:15 AM
I/System.out( 1034): 2415*11:45 AM
I/System.out( 1034): 1486*11:45 AM
I/System.out( 1034): 1487*11:15 AM - 11:45 AM
I/System.out( 1034): 2420*Lunch
I/System.out( 1034): 1479*Lunch
I/System.out( 1034): 2417*
I/System.out( 1034): 1480*
I/System.out( 1034): 2413*Tuesday, 01 October 2013
I/System.out( 1034): 1483*Tuesday, 01 October 2013
I/System.out( 1034): 2419*01:00 PM
I/System.out( 1034): 1484*01:00 PM
I/System.out( 1034): 1485*01:00 PM
I/System.out( 1034): 2415*02:30 PM
I/System.out( 1034): 1486*02:30 PM
I/System.out( 1034): 1487*01:00 PM - 02:30 PM
I/System.out( 1034): 2420*Break 3
I/System.out( 1034): 1479*Break 3
I/System.out( 1034): 2417*
I/System.out( 1034): 1480*
I/System.out( 1034): 2413*Tuesday, 01 October 2013
I/System.out( 1034): 1483*Tuesday, 01 October 2013
I/System.out( 1034): 2419*03:45 PM
I/System.out( 1034): 1484*03:45 PM
I/System.out( 1034): 1485*03:45 PM
I/System.out( 1034): 2415*04:15 PM
I/System.out( 1034): 1486*04:15 PM
I/System.out( 1034): 1487*03:45 PM - 04:15 PM
I/System.out( 1034): 2420*VIP Reception
I/System.out( 1034): 1479*VIP Reception
I/System.out( 1034): 2417*
I/System.out( 1034): 1480*
I/System.out( 1034): 2413*Tuesday, 01 October 2013
I/System.out( 1034): 1483*Tuesday, 01 October 2013
I/System.out( 1034): 2419*05:30 PM
I/System.out( 1034): 1484*05:30 PM
I/System.out( 1034): 1485*05:30 PM
I/System.out( 1034): 2415*07:30 PM
I/System.out( 1034): 1486*07:30 PM
I/System.out( 1034): 1487*05:30 PM - 07:30 PM
I/System.out( 1034): 2420*Breakfast
I/System.out( 1034): 1479*Breakfast
I/System.out( 1034): 2417*
I/System.out( 1034): 1480*
I/System.out( 1034): 2413*Wednesday, 02 October 2013
I/System.out( 1034): 1483*Wednesday, 02 October 2013
I/System.out( 1034): 2419*07:30 AM
I/System.out( 1034): 1484*07:30 AM
I/System.out( 1034): 1485*07:30 AM
I/System.out( 1034): 2415*08:30 AM
I/System.out( 1034): 1486*08:30 AM
I/System.out( 1034): 1487*07:30 AM - 08:30 AM
I/System.out( 1034): 2420*Break 1
I/System.out( 1034): 1479*Break 1
I/System.out( 1034): 2417*
I/System.out( 1034): 1480*
I/System.out( 1034): 2413*Wednesday, 02 October 2013
I/System.out( 1034): 1483*Wednesday, 02 October 2013
I/System.out( 1034): 2419*09:30 AM
I/System.out( 1034): 1484*09:30 AM
I/System.out( 1034): 1485*09:30 AM
I/System.out( 1034): 2415*10:00 AM
I/System.out( 1034): 1486*10:00 AM
I/System.out( 1034): 1487*09:30 AM - 10:00 AM
I/System.out( 1034): 2420*Break 2
I/System.out( 1034): 1479*Break 2
I/System.out( 1034): 2417*
I/System.out( 1034): 1480*
I/System.out( 1034): 2413*Wednesday, 02 October 2013
I/System.out( 1034): 1483*Wednesday, 02 October 2013
I/System.out( 1034): 2419*11:15 AM
I/System.out( 1034): 1484*11:15 AM
I/System.out( 1034): 1485*11:15 AM
I/System.out( 1034): 2415*11:45 AM
I/System.out( 1034): 1486*11:45 AM
I/System.out( 1034): 1487*11:15 AM - 11:45 AM
I/System.out( 1034): 2420*Lunch
I/System.out( 1034): 1479*Lunch
I/System.out( 1034): 2417*
I/System.out( 1034): 1480*
I/System.out( 1034): 2413*Wednesday, 02 October 2013
I/System.out( 1034): 1483*Wednesday, 02 October 2013
I/System.out( 1034): 2419*01:00 PM
I/System.out( 1034): 1484*01:00 PM
I/System.out( 1034): 1485*01:00 PM
I/System.out( 1034): 2415*02:30 PM
I/System.out( 1034): 1486*02:30 PM
I/System.out( 1034): 1487*01:00 PM - 02:30 PM
I/System.out( 1034): 2420*Break 3
I/System.out( 1034): 1479*Break 3
I/System.out( 1034): 2417*
I/System.out( 1034): 1480*
I/System.out( 1034): 2413*Wednesday, 02 October 2013
I/System.out( 1034): 1483*Wednesday, 02 October 2013
I/System.out( 1034): 2419*03:45 PM
I/System.out( 1034): 1484*03:45 PM
I/System.out( 1034): 1485*03:45 PM
I/System.out( 1034): 2415*04:15 PM
I/System.out( 1034): 1486*04:15 PM
I/System.out( 1034): 1487*03:45 PM - 04:15 PM
I/System.out( 1034): 2420*Breakfast
I/System.out( 1034): 1479*Breakfast
I/System.out( 1034): 2417*
I/System.out( 1034): 1480*
I/System.out( 1034): 2413*Thursday, 03 October 2013
I/System.out( 1034): 1483*Thursday, 03 October 2013
I/System.out( 1034): 2419*07:30 AM
I/System.out( 1034): 1484*07:30 AM
I/System.out( 1034): 1485*07:30 AM
I/System.out( 1034): 2415*09:00 AM
I/System.out( 1034): 1486*09:00 AM
I/System.out( 1034): 1487*07:30 AM - 09:00 AM
I/System.out( 1034): 2420*Break 1
I/System.out( 1034): 1479*Break 1
I/System.out( 1034): 2417*
I/System.out( 1034): 1480*
I/System.out( 1034): 2413*Thursday, 03 October 2013
I/System.out( 1034): 1483*Thursday, 03 October 2013
I/System.out( 1034): 2419*10:15 AM
I/System.out( 1034): 1484*10:15 AM
I/System.out( 1034): 1485*10:15 AM
I/System.out( 1034): 2415*10:45 AM
I/System.out( 1034): 1486*10:45 AM
I/System.out( 1034): 1487*10:15 AM - 10:45 AM
I/System.out( 1034): 2420*Lunch
I/System.out( 1034): 1479*Lunch
I/System.out( 1034): 2417*
I/System.out( 1034): 1480*
I/System.out( 1034): 2413*Thursday, 03 October 2013
I/System.out( 1034): 1483*Thursday, 03 October 2013
I/System.out( 1034): 2419*12:00 PM
I/System.out( 1034): 1484*12:00 PM
I/System.out( 1034): 1485*12:00 PM
I/System.out( 1034): 2415*01:30 PM
I/System.out( 1034): 1486*01:30 PM
I/System.out( 1034): 1487*12:00 PM - 01:30 PM
I/System.out( 1034): 2420*Break 2
I/System.out( 1034): 1479*Break 2
I/System.out( 1034): 2417*
I/System.out( 1034): 1480*
I/System.out( 1034): 2413*Thursday, 03 October 2013
I/System.out( 1034): 1483*Thursday, 03 October 2013
I/System.out( 1034): 2419*02:45 PM
I/System.out( 1034): 1484*02:45 PM
I/System.out( 1034): 1485*02:45 PM
I/System.out( 1034): 2415*03:15 PM
I/System.out( 1034): 1486*03:15 PM
I/System.out( 1034): 1487*02:45 PM - 03:15 PM
W/ViewRootImpl( 1034): Dropping event due to no window focus: KeyEvent { action=ACTION_DOWN, keyCode=KEYCODE_ALT_RIGHT, scanCode=100, metaState=META_ALT_ON|META_ALT_RIGHT_ON, flags=0x8, repeatCount=40014, eventTime=2176311, downTime=153409, deviceId=1, source=0x301 }
W/ViewRootImpl( 1034): Dropping event due to no window focus: KeyEvent { action=ACTION_DOWN, keyCode=KEYCODE_ALT_RIGHT, scanCode=100, metaState=META_ALT_ON|META_ALT_RIGHT_ON, flags=0x8, repeatCount=40015, eventTime=2176450, downTime=153409, deviceId=1, source=0x301 }
D/dalvikvm(  371): GC_CONCURRENT freed 689K, 20% free 7456K/9300K, paused 1ms+0ms, total 5ms
W/ViewRootImpl( 1034): Dropping event due to no window focus: KeyEvent { action=ACTION_DOWN, keyCode=KEYCODE_ALT_RIGHT, scanCode=100, metaState=META_ALT_ON|META_ALT_RIGHT_ON, flags=0x8, repeatCount=40016, eventTime=2176500, downTime=153409, deviceId=1, source=0x301 }
W/ViewRootImpl( 1034): Dropping event due to no window focus: KeyEvent { action=ACTION_DOWN, keyCode=KEYCODE_ALT_RIGHT, scanCode=100, metaState=META_ALT_ON|META_ALT_RIGHT_ON, flags=0x8, repeatCount=40017, eventTime=2176550, downTime=153409, deviceId=1, source=0x301 }
I/ActivityManager(  371): Displayed a2z.Mobile.DevConnections/.SessionListActivity: +218ms
F/libc    ( 1034): Fatal signal 11 (SIGSEGV) at 0x975fbffc (code=2), thread 1034 (.DevConnections)
I/DEBUG   (  117): *** *** *** *** *** *** *** *** *** *** *** *** *** *** *** ***
I/DEBUG   (  117): Build fingerprint: 'generic/vbox86p/vbox86p:4.3/JLS36G/eng.buildbot.20141001.104431:userdebug/test-keys'
I/DEBUG   (  117): Revision: '0'
I/DEBUG   (  117): pid: 1034, tid: 1034, name: .DevConnections  >>> a2z.Mobile.DevConnections <<<
I/DEBUG   (  117): signal 11 (SIGSEGV), code 2 (SEGV_ACCERR), fault addr 975fbffc
I/DEBUG   (  117):     eax 975fb004  ebx b688ac90  ecx 000003ff  edx 0003cc00
I/DEBUG   (  117):     esi 964ffffc  edi 975fbffc
I/DEBUG   (  117):     xcs 00000073  xds 0000007b  xes 0000007b  xfs 00000000  xss 0000007b
I/DEBUG   (  117):     eip b754260d  ebp 964ff004  esp bfb1d4b4  flags 00210686
I/DEBUG   (  117): 
I/DEBUG   (  117): backtrace:
I/DEBUG   (  117):     #00  pc 0002f60d  /system/lib/libc.so
I/DEBUG   (  117):     #01  pc 00000003  /dev/ashmem/gralloc-buffer (deleted)
I/DEBUG   (  117): 
I/DEBUG   (  117): stack:
I/DEBUG   (  117):          bfb1d474  00000000  
I/DEBUG   (  117):          bfb1d478  00000000  
I/DEBUG   (  117):          bfb1d47c  00000000  
I/DEBUG   (  117):          bfb1d480  00000000  
I/DEBUG   (  117):          bfb1d484  00000000  
I/DEBUG   (  117):          bfb1d488  00000000  
I/DEBUG   (  117):          bfb1d48c  00000000  
I/DEBUG   (  117):          bfb1d490  00000000  
I/DEBUG   (  117):          bfb1d494  00000000  
I/DEBUG   (  117):          bfb1d498  00000000  
I/DEBUG   (  117):          bfb1d49c  00000000  
I/DEBUG   (  117):          bfb1d4a0  00000000  
I/DEBUG   (  117):          bfb1d4a4  00000000  
I/DEBUG   (  117):          bfb1d4a8  00000000  
I/DEBUG   (  117):          bfb1d4ac  00000000  
I/DEBUG   (  117):          bfb1d4b0  00000000  
I/DEBUG   (  117):     #00  bfb1d4b4  975fb004  /dev/ashmem/gralloc-buffer (deleted)
I/DEBUG   (  117):          bfb1d4b8  00000000  
I/DEBUG   (  117):          bfb1d4bc  b6867f37  /system/lib/libgui.so (_ZN7android7Surface4lockEP20ANativeWindow_BufferP5ARect.part.8+1687)
I/DEBUG   (  117):          bfb1d4c0  975fb004  /dev/ashmem/gralloc-buffer (deleted)
I/DEBUG   (  117):          bfb1d4c4  964ff004  /dev/ashmem/gralloc-buffer (deleted)
I/DEBUG   (  117):          bfb1d4c8  0003cc00  
I/DEBUG   (  117):          bfb1d4cc  bfb1d524  [stack]
I/DEBUG   (  117):          bfb1d4d0  b8851318  [heap]
I/DEBUG   (  117):          bfb1d4d4  b7105ef6  /system/lib/libutils.so (android::SharedBuffer::dealloc(android::SharedBuffer const*)+6)
I/DEBUG   (  117):          bfb1d4d8  b7124e4c  /system/lib/libutils.so
I/DEBUG   (  117):          bfb1d4dc  00000000  
I/DEBUG   (  117):          bfb1d4e0  b8a05180  [heap]
I/DEBUG   (  117):          bfb1d4e4  0003cc00  
I/DEBUG   (  117):          bfb1d4e8  bfb1d55c  [stack]
I/DEBUG   (  117):          bfb1d4ec  b8a8a858  [heap]
I/DEBUG   (  117):          bfb1d4f0  00000c00  
I/DEBUG   (  117): 
I/DEBUG   (  117): memory map around fault addr 975fbffc:
I/DEBUG   (  117):     9757b000-975fb000 r-x /dev/ashmem/dalvik-jit-code-cache (deleted)
I/DEBUG   (  117):     975fb000-975fc000 r-x /dev/ashmem/gralloc-buffer (deleted)
I/DEBUG   (  117):     975fc000-97998000 rw- /dev/ashmem/gralloc-buffer (deleted)
W/InputDispatcher(  371): channel '5291f1e0 a2z.Mobile.DevConnections/a2z.Mobile.DevConnections.SplashActivity (server)' ~ Consumer closed input channel or an error occurred.  events=0x9
E/InputDispatcher(  371): channel '5291f1e0 a2z.Mobile.DevConnections/a2z.Mobile.DevConnections.SplashActivity (server)' ~ Channel is unrecoverably broken and will be disposed!
W/InputDispatcher(  371): channel '5290df18 a2z.Mobile.DevConnections/a2z.Mobile.DevConnections.SessionListActivity (server)' ~ Consumer closed input channel or an error occurred.  events=0xd
E/InputDispatcher(  371): channel '5290df18 a2z.Mobile.DevConnections/a2z.Mobile.DevConnections.SessionListActivity (server)' ~ Channel is unrecoverably broken and will be disposed!
W/InputDispatcher(  371): channel '5296850c a2z.Mobile.DevConnections/a2z.Mobile.DevConnections.NavigationActivity (server)' ~ Consumer closed input channel or an error occurred.  events=0x9
E/InputDispatcher(  371): channel '5296850c a2z.Mobile.DevConnections/a2z.Mobile.DevConnections.NavigationActivity (server)' ~ Channel is unrecoverably broken and will be disposed!
W/InputDispatcher(  371): channel '5294c69c a2z.Mobile.DevConnections/a2z.Mobile.DevConnections.TrackListActivity (server)' ~ Consumer closed input channel or an error occurred.  events=0x9
E/InputDispatcher(  371): channel '5294c69c a2z.Mobile.DevConnections/a2z.Mobile.DevConnections.TrackListActivity (server)' ~ Channel is unrecoverably broken and will be disposed!
W/ActivityManager(  371):   Force finishing activity a2z.Mobile.DevConnections/.SessionListActivity
D/        (  371): HostConnection::get() New Host Connection established 0xb8bc5620, tid 1061
D/Zygote  (  146): Process 1034 terminated by signal (11)
D/dalvikvm(  371): GC_FOR_ALLOC freed 514K, 20% free 7460K/9300K, paused 7ms, total 7ms
W/InputDispatcher(  371): Attempted to unregister already unregistered input channel '5291f1e0 a2z.Mobile.DevConnections/a2z.Mobile.DevConnections.SplashActivity (server)'
I/WindowState(  371): WIN DEATH: Window{5291f1e0 u0 a2z.Mobile.DevConnections/a2z.Mobile.DevConnections.SplashActivity}
W/InputDispatcher(  371): Attempted to unregister already unregistered input channel '5296850c a2z.Mobile.DevConnections/a2z.Mobile.DevConnections.NavigationActivity (server)'
W/InputDispatcher(  371): Attempted to unregister already unregistered input channel '5294c69c a2z.Mobile.DevConnections/a2z.Mobile.DevConnections.TrackListActivity (server)'
W/InputDispatcher(  371): Attempted to unregister already unregistered input channel '5290df18 a2z.Mobile.DevConnections/a2z.Mobile.DevConnections.SessionListActivity (server)'
I/WindowState(  371): WIN DEATH: Window{5296850c u0 a2z.Mobile.DevConnections/a2z.Mobile.DevConnections.NavigationActivity}
I/WindowState(  371): WIN DEATH: Window{5294c69c u0 a2z.Mobile.DevConnections/a2z.Mobile.DevConnections.TrackListActivity}
I/WindowState(  371): WIN DEATH: Window{5290df18 u0 a2z.Mobile.DevConnections/a2z.Mobile.DevConnections.SessionListActivity}
W/ActivityManager(  371): Exception thrown during pause
W/ActivityManager(  371): android.os.DeadObjectException
W/ActivityManager(  371): 	at android.os.BinderProxy.transact(Native Method)
W/ActivityManager(  371): 	at android.app.ApplicationThreadProxy.schedulePauseActivity(ApplicationThreadNative.java:635)
W/ActivityManager(  371): 	at com.android.server.am.ActivityStack.startPausingLocked(ActivityStack.java:990)
W/ActivityManager(  371): 	at com.android.server.am.ActivityStack.finishActivityLocked(ActivityStack.java:3834)
W/ActivityManager(  371): 	at com.android.server.am.ActivityStack.finishActivityLocked(ActivityStack.java:3766)
W/ActivityManager(  371): 	at com.android.server.am.ActivityManagerService.handleAppCrashLocked(ActivityManagerService.java:8344)
W/ActivityManager(  371): 	at com.android.server.am.ActivityManagerService.makeAppCrashingLocked(ActivityManagerService.java:8221)
W/ActivityManager(  371): 	at com.android.server.am.ActivityManagerService.crashApplication(ActivityManagerService.java:8900)
W/ActivityManager(  371): 	at com.android.server.am.ActivityManagerService.handleApplicationCrashInner(ActivityManagerService.java:8455)
W/ActivityManager(  371): 	at com.android.server.am.NativeCrashListener$NativeCrashReporter.run(NativeCrashListener.java:86)
I/ActivityManager(  371): Restarting because process died: ActivityRecord{52942868 u0 a2z.Mobile.DevConnections/.TrackListActivity}
W/ActivityManager(  371): Exception when starting activity a2z.Mobile.DevConnections/.TrackListActivity
W/ActivityManager(  371): android.os.DeadObjectException
W/ActivityManager(  371): 	at android.os.BinderProxy.transact(Native Method)
W/ActivityManager(  371): 	at android.app.ApplicationThreadProxy.scheduleLaunchActivity(ApplicationThreadNative.java:723)
W/ActivityManager(  371): 	at com.android.server.am.ActivityStack.realStartActivityLocked(ActivityStack.java:716)
W/ActivityManager(  371): 	at com.android.server.am.ActivityStack.startSpecificActivityLocked(ActivityStack.java:823)
W/ActivityManager(  371): 	at com.android.server.am.ActivityStack.resumeTopActivityLocked(ActivityStack.java:1773)
W/ActivityManager(  371): 	at com.android.server.am.ActivityStack.resumeTopActivityLocked(ActivityStack.java:1432)
W/ActivityManager(  371): 	at com.android.server.am.ActivityStack.startPausingLocked(ActivityStack.java:1041)
W/ActivityManager(  371): 	at com.android.server.am.ActivityStack.finishActivityLocked(ActivityStack.java:3834)
W/ActivityManager(  371): 	at com.android.server.am.ActivityStack.finishActivityLocked(ActivityStack.java:3766)
W/ActivityManager(  371): 	at com.android.server.am.ActivityManagerService.handleAppCrashLocked(ActivityManagerService.java:8344)
W/ActivityManager(  371): 	at com.android.server.am.ActivityManagerService.makeAppCrashingLocked(ActivityManagerService.java:8221)
W/ActivityManager(  371): 	at com.android.server.am.ActivityManagerService.crashApplication(ActivityManagerService.java:8900)
W/ActivityManager(  371): 	at com.android.server.am.ActivityManagerService.handleApplicationCrashInner(ActivityManagerService.java:8455)
W/ActivityManager(  371): 	at com.android.server.am.NativeCrashListener$NativeCrashReporter.run(NativeCrashListener.java:86)
I/InputDispatcher(  371): Dropping event because there is no focused window or focused application.
I/InputDispatcher(  371): Dropping event because there is no focused window or focused application.
I/qtaguid (  371): Failed write_ctrl(s 0 10054) res=-1 errno=1
W/NetworkManagementSocketTagger(  371): setKernelCountSet(10054, 0) failed with errno -1
W/ActivityManager(  371): Force removing ActivityRecord{52942868 u0 a2z.Mobile.DevConnections/.TrackListActivity}: app died, no saved state
I/ActivityManager(  371): Start proc a2z.Mobile.DevConnections for activity a2z.Mobile.DevConnections/.TrackListActivity: pid=1066 uid=10054 gids={50054, 3003, 1015, 1028}
E/NativeCrashListener(  371): Unable to report native crash
E/NativeCrashListener(  371): java.lang.IndexOutOfBoundsException: Invalid index 3, size is 3
E/NativeCrashListener(  371): 	at java.util.ArrayList.throwIndexOutOfBoundsException(ArrayList.java:255)
E/NativeCrashListener(  371): 	at java.util.ArrayList.get(ArrayList.java:308)
E/NativeCrashListener(  371): 	at com.android.server.am.ActivityManagerService.handleAppCrashLocked(ActivityManagerService.java:8351)
E/NativeCrashListener(  371): 	at com.android.server.am.ActivityManagerService.makeAppCrashingLocked(ActivityManagerService.java:8221)
E/NativeCrashListener(  371): 	at com.android.server.am.ActivityManagerService.crashApplication(ActivityManagerService.java:8900)
E/NativeCrashListener(  371): 	at com.android.server.am.ActivityManagerService.handleApplicationCrashInner(ActivityManagerService.java:8455)
E/NativeCrashListener(  371): 	at com.android.server.am.NativeCrashListener$NativeCrashReporter.run(NativeCrashListener.java:86)
I/ActivityManager(  371): Process a2z.Mobile.DevConnections (pid 1034) has died and restarted (pid 1066).
I/dalvikvm( 1066): Turning on JNI app bug workarounds for target SDK version 11...
I/qtaguid (  371): Failed write_ctrl(s 1 10054) res=-1 errno=1
W/NetworkManagementSocketTagger(  371): setKernelCountSet(10054, 1) failed with errno -1
I/System.out( 1066): 1535*mounted
I/System.out( 1066): 1536*a2z.Mobile.DevConnections
I/System.out( 1066): 2722*ImageLoader
I/System.out( 1066): 726*twitter4j.conf.PropertyConfigurationFactory
I/System.out( 1066): 2491*null
I/System.out( 1066): 2492*null
I/System.out( 1066): 2495*null
I/System.out( 1066): 2496*null
I/System.out( 1066): 2499*null
I/System.out( 1066): 2500*null
I/System.out( 1066): 2503*null
I/System.out( 1066): 2504*null
I/System.out( 1066): 2507*null
I/System.out( 1066): 2508*null
I/System.out( 1066): 2621*null
I/System.out( 1066): 2514*null
I/System.out( 1066): 2620*null
I/System.out( 1066): 2515*null
I/System.out( 1066): 2642*null
I/System.out( 1066): 2516*null
I/System.out( 1066): 2491*null
I/System.out( 1066): 2492*null
I/System.out( 1066): 2495*null
I/System.out( 1066): 2496*null
I/System.out( 1066): 2499*null
I/System.out( 1066): 2500*null
I/System.out( 1066): 2503*null
I/System.out( 1066): 2504*null
I/System.out( 1066): 2507*null
I/System.out( 1066): 2508*null
I/System.out( 1066): 2491*null
I/System.out( 1066): 2492*null
I/System.out( 1066): 2495*null
I/System.out( 1066): 2496*null
I/System.out( 1066): 2499*null
I/System.out( 1066): 2500*null
I/System.out( 1066): 2503*null
I/System.out( 1066): 2504*null
I/System.out( 1066): 2507*null
I/System.out( 1066): 2508*null
I/System.out( 1066): 2480*3.0.3
I/System.out( 1066): 2621*3.0.3
I/System.out( 1066): 2514*3.0.3
I/System.out( 1066): 2620*null
I/System.out( 1066): 2515*null
I/System.out( 1066): 2642*null
I/System.out( 1066): 2516*null
I/System.out( 1066): 2481*3.0.3
I/System.out( 1066): 2482*http://twitter4j.org/en/twitter4j-3.0.3.xml
I/System.out( 1066): 2621*3.0.3
I/System.out( 1066): 2514*3.0.3
I/System.out( 1066): 2620*http://twitter4j.org/en/twitter4j-3.0.3.xml
I/System.out( 1066): 2515*http://twitter4j.org/en/twitter4j-3.0.3.xml
I/System.out( 1066): 2642*null
I/System.out( 1066): 2516*null
I/System.out( 1066): 2483*3.0.3
I/System.out( 1066): 2484*twitter4j http://twitter4j.org/ /3.0.3
I/System.out( 1066): 2621*3.0.3
I/System.out( 1066): 2514*3.0.3
I/System.out( 1066): 2620*http://twitter4j.org/en/twitter4j-3.0.3.xml
I/System.out( 1066): 2515*http://twitter4j.org/en/twitter4j-3.0.3.xml
I/System.out( 1066): 2642*twitter4j http://twitter4j.org/ /3.0.3
I/System.out( 1066): 2516*twitter4j http://twitter4j.org/ /3.0.3
I/System.out( 1066): 2491*null
I/System.out( 1066): 2492*null
I/System.out( 1066): 2495*null
I/System.out( 1066): 2496*null
I/System.out( 1066): 2499*null
I/System.out( 1066): 2500*null
I/System.out( 1066): 2503*null
I/System.out( 1066): 2504*null
I/System.out( 1066): 2507*http://api.twitter.com/oauth/request_token
I/System.out( 1066): 2511*api.twitter.com/oauth/request_token
I/System.out( 1066): 2513*http://api.twitter.com/oauth/request_token
I/System.out( 1066): 2508*http://api.twitter.com/oauth/request_token
I/System.out( 1066): 2509*http://api.twitter.com/oauth/request_token
I/System.out( 1066): 2511*api.twitter.com/oauth/request_token
I/System.out( 1066): 2513*http://api.twitter.com/oauth/request_token
I/System.out( 1066): 2510*http://api.twitter.com/oauth/request_token
I/System.out( 1066): 2491*null
I/System.out( 1066): 2492*null
I/System.out( 1066): 2495*null
I/System.out( 1066): 2496*null
I/System.out( 1066): 2499*null
I/System.out( 1066): 2500*null
I/System.out( 1066): 2503*http://api.twitter.com/oauth/authorize
I/System.out( 1066): 2511*api.twitter.com/oauth/authorize
I/System.out( 1066): 2513*http://api.twitter.com/oauth/authorize
I/System.out( 1066): 2504*http://api.twitter.com/oauth/authorize
I/System.out( 1066): 2505*http://api.twitter.com/oauth/authorize
I/System.out( 1066): 2511*api.twitter.com/oauth/authorize
I/System.out( 1066): 2513*http://api.twitter.com/oauth/authorize
I/System.out( 1066): 2506*http://api.twitter.com/oauth/authorize
I/System.out( 1066): 2507*http://api.twitter.com/oauth/request_token
I/System.out( 1066): 2511*api.twitter.com/oauth/request_token
I/System.out( 1066): 2513*http://api.twitter.com/oauth/request_token
I/System.out( 1066): 2508*http://api.twitter.com/oauth/request_token
I/System.out( 1066): 2509*http://api.twitter.com/oauth/request_token
I/System.out( 1066): 2511*api.twitter.com/oauth/request_token
I/System.out( 1066): 2513*http://api.twitter.com/oauth/request_token
I/System.out( 1066): 2510*http://api.twitter.com/oauth/request_token
I/System.out( 1066): 2491*null
I/System.out( 1066): 2492*null
I/System.out( 1066): 2495*http://api.twitter.com/oauth/access_token
I/System.out( 1066): 2511*api.twitter.com/oauth/access_token
I/System.out( 1066): 2513*http://api.twitter.com/oauth/access_token
I/System.out( 1066): 2496*http://api.twitter.com/oauth/access_token
I/System.out( 1066): 2497*http://api.twitter.com/oauth/access_token
I/System.out( 1066): 2511*api.twitter.com/oauth/access_token
I/System.out( 1066): 2513*http://api.twitter.com/oauth/access_token
I/System.out( 1066): 2498*http://api.twitter.com/oauth/access_token
I/System.out( 1066): 2499*null
I/System.out( 1066): 2500*null
I/System.out( 1066): 2503*http://api.twitter.com/oauth/authorize
I/System.out( 1066): 2511*api.twitter.com/oauth/authorize
I/System.out( 1066): 2513*http://api.twitter.com/oauth/authorize
I/System.out( 1066): 2504*http://api.twitter.com/oauth/authorize
I/System.out( 1066): 2505*http://api.twitter.com/oauth/authorize
I/System.out( 1066): 2511*api.twitter.com/oauth/authorize
I/System.out( 1066): 2513*http://api.twitter.com/oauth/authorize
I/System.out( 1066): 2506*http://api.twitter.com/oauth/authorize
I/System.out( 1066): 2507*http://api.twitter.com/oauth/request_token
I/System.out( 1066): 2511*api.twitter.com/oauth/request_token
I/System.out( 1066): 2513*http://api.twitter.com/oauth/request_token
I/System.out( 1066): 2508*http://api.twitter.com/oauth/request_token
I/System.out( 1066): 2509*http://api.twitter.com/oauth/request_token
I/System.out( 1066): 2511*api.twitter.com/oauth/request_token
I/System.out( 1066): 2513*http://api.twitter.com/oauth/request_token
I/System.out( 1066): 2510*http://api.twitter.com/oauth/request_token
I/System.out( 1066): 2491*null
I/System.out( 1066): 2492*null
I/System.out( 1066): 2495*http://api.twitter.com/oauth/access_token
I/System.out( 1066): 2511*api.twitter.com/oauth/access_token
I/System.out( 1066): 2513*http://api.twitter.com/oauth/access_token
I/System.out( 1066): 2496*http://api.twitter.com/oauth/access_token
I/System.out( 1066): 2497*http://api.twitter.com/oauth/access_token
I/System.out( 1066): 2511*api.twitter.com/oauth/access_token
I/System.out( 1066): 2513*http://api.twitter.com/oauth/access_token
I/System.out( 1066): 2498*http://api.twitter.com/oauth/access_token
I/System.out( 1066): 2499*http://api.twitter.com/oauth/authenticate
I/System.out( 1066): 2511*api.twitter.com/oauth/authenticate
I/System.out( 1066): 2513*http://api.twitter.com/oauth/authenticate
I/System.out( 1066): 2500*http://api.twitter.com/oauth/authenticate
I/System.out( 1066): 2501*http://api.twitter.com/oauth/authenticate
I/System.out( 1066): 2511*api.twitter.com/oauth/authenticate
I/System.out( 1066): 2513*http://api.twitter.com/oauth/authenticate
I/System.out( 1066): 2502*http://api.twitter.com/oauth/authenticate
I/System.out( 1066): 2503*http://api.twitter.com/oauth/authorize
I/System.out( 1066): 2511*api.twitter.com/oauth/authorize
I/System.out( 1066): 2513*http://api.twitter.com/oauth/authorize
I/System.out( 1066): 2504*http://api.twitter.com/oauth/authorize
I/System.out( 1066): 2505*http://api.twitter.com/oauth/authorize
I/System.out( 1066): 2511*api.twitter.com/oauth/authorize
I/System.out( 1066): 2513*http://api.twitter.com/oauth/authorize
I/System.out( 1066): 2506*http://api.twitter.com/oauth/authorize
I/System.out( 1066): 2507*http://api.twitter.com/oauth/request_token
I/System.out( 1066): 2511*api.twitter.com/oauth/request_token
I/System.out( 1066): 2513*http://api.twitter.com/oauth/request_token
I/System.out( 1066): 2508*http://api.twitter.com/oauth/request_token
I/System.out( 1066): 2509*http://api.twitter.com/oauth/request_token
I/System.out( 1066): 2511*api.twitter.com/oauth/request_token
I/System.out( 1066): 2513*http://api.twitter.com/oauth/request_token
I/System.out( 1066): 2510*http://api.twitter.com/oauth/request_token
I/System.out( 1066): 2491*http://api.twitter.com/1.1/
I/System.out( 1066): 2511*api.twitter.com/1.1/
I/System.out( 1066): 2513*http://api.twitter.com/1.1/
I/System.out( 1066): 2492*http://api.twitter.com/1.1/
I/System.out( 1066): 2493*http://api.twitter.com/1.1/
I/System.out( 1066): 2511*api.twitter.com/1.1/
I/System.out( 1066): 2513*http://api.twitter.com/1.1/
I/System.out( 1066): 2494*http://api.twitter.com/1.1/
I/System.out( 1066): 2495*http://api.twitter.com/oauth/access_token
I/System.out( 1066): 2511*api.twitter.com/oauth/access_token
I/System.out( 1066): 2513*http://api.twitter.com/oauth/access_token
I/System.out( 1066): 2496*http://api.twitter.com/oauth/access_token
I/System.out( 1066): 2497*http://api.twitter.com/oauth/access_token
I/System.out( 1066): 2511*api.twitter.com/oauth/access_token
I/System.out( 1066): 2513*http://api.twitter.com/oauth/access_token
I/System.out( 1066): 2498*http://api.twitter.com/oauth/access_token
I/System.out( 1066): 2499*http://api.twitter.com/oauth/authenticate
I/System.out( 1066): 2511*api.twitter.com/oauth/authenticate
I/System.out( 1066): 2513*http://api.twitter.com/oauth/authenticate
I/System.out( 1066): 2500*http://api.twitter.com/oauth/authenticate
I/System.out( 1066): 2501*http://api.twitter.com/oauth/authenticate
I/System.out( 1066): 2511*api.twitter.com/oauth/authenticate
I/System.out( 1066): 2513*http://api.twitter.com/oauth/authenticate
I/System.out( 1066): 2502*http://api.twitter.com/oauth/authenticate
I/System.out( 1066): 2503*http://api.twitter.com/oauth/authorize
I/System.out( 1066): 2511*api.twitter.com/oauth/authorize
I/System.out( 1066): 2513*http://api.twitter.com/oauth/authorize
I/System.out( 1066): 2504*http://api.twitter.com/oauth/authorize
I/System.out( 1066): 2505*http://api.twitter.com/oauth/authorize
I/System.out( 1066): 2511*api.twitter.com/oauth/authorize
I/System.out( 1066): 2513*http://api.twitter.com/oauth/authorize
I/System.out( 1066): 2506*http://api.twitter.com/oauth/authorize
I/System.out( 1066): 2507*http://api.twitter.com/oauth/request_token
I/System.out( 1066): 2511*api.twitter.com/oauth/request_token
I/System.out( 1066): 2513*http://api.twitter.com/oauth/request_token
I/System.out( 1066): 2508*http://api.twitter.com/oauth/request_token
I/System.out( 1066): 2509*http://api.twitter.com/oauth/request_token
I/System.out( 1066): 2511*api.twitter.com/oauth/request_token
I/System.out( 1066): 2513*http://api.twitter.com/oauth/request_token
I/System.out( 1066): 2510*http://api.twitter.com/oauth/request_token
I/System.out( 1066): 2485*true
I/System.out( 1066): 2486*true
I/System.out( 1066): 2487*false
I/System.out( 1066): 2488*false
I/System.out( 1066): 1401*ANDROID_SOCKET_zygote
I/System.out( 1066): 1402*9
I/System.out( 1066): 1401*EMULATED_STORAGE_SOURCE
I/System.out( 1066): 1402*/mnt/shell/emulated
I/System.out( 1066): 1401*ANDROID_STORAGE
I/System.out( 1066): 1402*/storage
I/System.out( 1066): 1401*ANDROID_BOOTLOGO
I/System.out( 1066): 1402*1
I/System.out( 1066): 1401*EXTERNAL_STORAGE
I/System.out( 1066): 1402*/storage/emulated/legacy
I/System.out( 1066): 1401*LD_PRELOAD
I/System.out( 1066): 1402*/system/lib/libicuuc_46.so:/system/lib/libicui18n_46.so
I/System.out( 1066): 1401*ANDROID_ASSETS
I/System.out( 1066): 1402*/system/app
I/System.out( 1066): 1401*ASEC_MOUNTPOINT
I/System.out( 1066): 1402*/mnt/asec
I/System.out( 1066): 1401*PATH
I/System.out( 1066): 1402*/sbin:/vendor/bin:/system/sbin:/system/bin:/system/xbin
I/System.out( 1066): 1401*LOOP_MOUNTPOINT
I/System.out( 1066): 1402*/mnt/obb
I/System.out( 1066): 1401*BOOTCLASSPATH
I/System.out( 1066): 1402*/system/framework/core.jar:/system/framework/core-junit.jar:/system/framework/bouncycastle.jar:/system/framework/ext.jar:/system/framework/framework.jar:/system/framework/telephony-common.jar:/system/framework/voip-common.jar:/system/framework/mms-common.jar:/system/framework/android.policy.jar:/system/framework/services.jar:/system/framework/apache-xml.jar
I/System.out( 1066): 1401*EMULATED_STORAGE_TARGET
I/System.out( 1066): 1402*/storage/emulated
I/System.out( 1066): 1401*ANDROID_DATA
I/System.out( 1066): 1402*/data
I/System.out( 1066): 1401*ANDROID_PROPERTY_WORKSPACE
I/System.out( 1066): 1402*8,49152
I/System.out( 1066): 1401*ANDROID_ROOT
I/System.out( 1066): 1402*/system
I/System.out( 1066): 1401*LD_LIBRARY_PATH
I/System.out( 1066): 1402*/vendor/lib:/system/lib
I/System.out( 1066): 1404*java.vendor.url
I/System.out( 1066): 1404*java.ext.dirs
I/System.out( 1066): 1404*line.separator
I/System.out( 1066): 1404*file.encoding
I/System.out( 1066): 1404*ANDROID_DATA
I/System.out( 1066): 1404*PATH
I/System.out( 1066): 1404*java.runtime.version
I/System.out( 1066): 1404*user.name
I/System.out( 1066): 1404*java.compiler
I/System.out( 1066): 1404*android.icu.unicode.version
I/System.out( 1066): 1404*BOOTCLASSPATH
I/System.out( 1066): 1404*java.version
I/System.out( 1066): 1404*android.icu.library.version
I/System.out( 1066): 1404*ANDROID_STORAGE
I/System.out( 1066): 1404*os.arch
I/System.out( 1066): 1404*EMULATED_STORAGE_SOURCE
I/System.out( 1066): 1404*java.io.tmpdir
I/System.out( 1066): 1404*LD_PRELOAD
I/System.out( 1066): 1404*android.zlib.version
I/System.out( 1066): 1404*user.language
I/System.out( 1066): 1404*java.vm.version
I/System.out( 1066): 1404*ANDROID_ASSETS
I/System.out( 1066): 1404*path.separator
I/System.out( 1066): 1404*java.runtime.name
I/System.out( 1066): 1404*java.specification.version
I/System.out( 1066): 1404*user.dir
I/System.out( 1066): 1404*java.vm.specification.vendor
I/System.out( 1066): 1404*java.vm.name
I/System.out( 1066): 1404*EMULATED_STORAGE_TARGET
I/System.out( 1066): 1404*java.vm.specification.version
I/System.out( 1066): 1404*user.home
I/System.out( 1066): 1404*LD_LIBRARY_PATH
I/System.out( 1066): 1404*java.specification.name
I/System.out( 1066): 1404*ANDROID_SOCKET_zygote
I/System.out( 1066): 1404*file.separator
I/System.out( 1066): 1404*java.library.path
I/System.out( 1066): 1404*os.version
I/System.out( 1066): 1404*java.boot.class.path
I/System.out( 1066): 1404*java.vm.specification.name
I/System.out( 1066): 1404*user.region
I/System.out( 1066): 1404*os.name
I/System.out( 1066): 1404*java.class.path
I/System.out( 1066): 1404*ANDROID_ROOT
I/System.out( 1066): 1404*LOOP_MOUNTPOINT
I/System.out( 1066): 1404*ANDROID_BOOTLOGO
I/System.out( 1066): 1404*java.specification.vendor
I/System.out( 1066): 1404*EXTERNAL_STORAGE
I/System.out( 1066): 1404*java.vm.vendor
I/System.out( 1066): 1404*java.vendor
I/System.out( 1066): 1404*http.agent
I/System.out( 1066): 1404*ASEC_MOUNTPOINT
I/System.out( 1066): 1404*android.icu.cldr.version
I/System.out( 1066): 1404*android.openssl.version
I/System.out( 1066): 1404*ANDROID_PROPERTY_WORKSPACE
I/System.out( 1066): 1404*java.home
I/System.out( 1066): 1404*java.vm.vendor.url
I/System.out( 1066): 1404*java.class.version
