--------- beginning of /dev/log/main
E/Genymotion(  371): Could not open '/sys/class/power_supply/genymotion_fake_path/present'
E/Genymotion(  371): Could not open '/sys/class/power_supply/genymotion_fake_path/present'
E/Genymotion(  371): Could not open '/sys/class/power_supply/genymotion_fake_path/present'
--------- beginning of /dev/log/system
I/ActivityManager(  371): START u0 {act=android.intent.action.MAIN cat=[android.intent.category.LAUNCHER] flg=0x10200000 cmp=a2z.Mobile.DevConnections/.SplashActivity} from pid 601
D/PermissionCache(  354): checking android.permission.READ_FRAME_BUFFER for uid=1000 => granted (56 us)
D/        (  371): HostConnection::get() New Host Connection established 0xb8aa40f8, tid 371
D/dalvikvm(  371): GC_FOR_ALLOC freed 840K, 19% free 7112K/8680K, paused 8ms, total 9ms
D/dalvikvm(  371): GC_FOR_ALLOC freed 89K, 18% free 7142K/8680K, paused 5ms, total 6ms
I/dalvikvm-heap(  371): Grow heap (frag case) to 7.465MB for 124212-byte allocation
D/dalvikvm(  371): GC_FOR_ALLOC freed <1K, 18% free 7263K/8804K, paused 10ms, total 10ms
D/dalvikvm(  371): GC_FOR_ALLOC freed <1K, 18% free 7266K/8804K, paused 5ms, total 5ms
I/dalvikvm-heap(  371): Grow heap (frag case) to 7.586MB for 124212-byte allocation
D/dalvikvm(  371): GC_FOR_ALLOC freed <1K, 18% free 7387K/8928K, paused 4ms, total 4ms
D/dalvikvm(  371): GC_FOR_ALLOC freed 123K, 19% free 7269K/8928K, paused 5ms, total 6ms
I/dalvikvm( 1034): Turning on JNI app bug workarounds for target SDK version 11...
I/ActivityManager(  371): Start proc a2z.Mobile.DevConnections for activity a2z.Mobile.DevConnections/.SplashActivity: pid=1034 uid=10054 gids={50054, 3003, 1015, 1028}
I/qtaguid (  371): Failed write_ctrl(s 1 10054) res=-1 errno=1
W/NetworkManagementSocketTagger(  371): setKernelCountSet(10054, 1) failed with errno -1
D/        (  371): HostConnection::get() New Host Connection established 0xb8aa42a0, tid 387
I/System.out( 1034): 1535*mounted
I/System.out( 1034): 1536*a2z.Mobile.DevConnections
I/System.out( 1034): 2722*ImageLoader
I/System.out( 1034): 726*twitter4j.conf.PropertyConfigurationFactory
I/System.out( 1034): 2491*null
I/System.out( 1034): 2492*null
I/System.out( 1034): 2495*null
I/System.out( 1034): 2496*null
I/System.out( 1034): 2499*null
I/System.out( 1034): 2500*null
I/System.out( 1034): 2503*null
I/System.out( 1034): 2504*null
I/System.out( 1034): 2507*null
I/System.out( 1034): 2508*null
I/System.out( 1034): 2621*null
I/System.out( 1034): 2514*null
I/System.out( 1034): 2620*null
I/System.out( 1034): 2515*null
I/System.out( 1034): 2642*null
I/System.out( 1034): 2516*null
I/System.out( 1034): 2491*null
I/System.out( 1034): 2492*null
I/System.out( 1034): 2495*null
I/System.out( 1034): 2496*null
I/System.out( 1034): 2499*null
I/System.out( 1034): 2500*null
I/System.out( 1034): 2503*null
I/System.out( 1034): 2504*null
I/System.out( 1034): 2507*null
I/System.out( 1034): 2508*null
I/System.out( 1034): 2491*null
I/System.out( 1034): 2492*null
I/System.out( 1034): 2495*null
I/System.out( 1034): 2496*null
I/System.out( 1034): 2499*null
I/System.out( 1034): 2500*null
I/System.out( 1034): 2503*null
I/System.out( 1034): 2504*null
I/System.out( 1034): 2507*null
I/System.out( 1034): 2508*null
I/System.out( 1034): 2480*3.0.3
I/System.out( 1034): 2621*3.0.3
I/System.out( 1034): 2514*3.0.3
I/System.out( 1034): 2620*null
I/System.out( 1034): 2515*null
I/System.out( 1034): 2642*null
I/System.out( 1034): 2516*null
I/System.out( 1034): 2481*3.0.3
I/System.out( 1034): 2482*http://twitter4j.org/en/twitter4j-3.0.3.xml
I/System.out( 1034): 2621*3.0.3
I/System.out( 1034): 2514*3.0.3
I/System.out( 1034): 2620*http://twitter4j.org/en/twitter4j-3.0.3.xml
I/System.out( 1034): 2515*http://twitter4j.org/en/twitter4j-3.0.3.xml
I/System.out( 1034): 2642*null
I/System.out( 1034): 2516*null
I/System.out( 1034): 2483*3.0.3
I/System.out( 1034): 2484*twitter4j http://twitter4j.org/ /3.0.3
I/System.out( 1034): 2621*3.0.3
I/System.out( 1034): 2514*3.0.3
I/System.out( 1034): 2620*http://twitter4j.org/en/twitter4j-3.0.3.xml
I/System.out( 1034): 2515*http://twitter4j.org/en/twitter4j-3.0.3.xml
I/System.out( 1034): 2642*twitter4j http://twitter4j.org/ /3.0.3
I/System.out( 1034): 2516*twitter4j http://twitter4j.org/ /3.0.3
I/System.out( 1034): 2491*null
I/System.out( 1034): 2492*null
I/System.out( 1034): 2495*null
I/System.out( 1034): 2496*null
I/System.out( 1034): 2499*null
I/System.out( 1034): 2500*null
I/System.out( 1034): 2503*null
I/System.out( 1034): 2504*null
I/System.out( 1034): 2507*http://api.twitter.com/oauth/request_token
I/System.out( 1034): 2511*api.twitter.com/oauth/request_token
I/System.out( 1034): 2513*http://api.twitter.com/oauth/request_token
I/System.out( 1034): 2508*http://api.twitter.com/oauth/request_token
I/System.out( 1034): 2509*http://api.twitter.com/oauth/request_token
I/System.out( 1034): 2511*api.twitter.com/oauth/request_token
I/System.out( 1034): 2513*http://api.twitter.com/oauth/request_token
I/System.out( 1034): 2510*http://api.twitter.com/oauth/request_token
I/System.out( 1034): 2491*null
I/System.out( 1034): 2492*null
I/System.out( 1034): 2495*null
I/System.out( 1034): 2496*null
I/System.out( 1034): 2499*null
I/System.out( 1034): 2500*null
I/System.out( 1034): 2503*http://api.twitter.com/oauth/authorize
I/System.out( 1034): 2511*api.twitter.com/oauth/authorize
I/System.out( 1034): 2513*http://api.twitter.com/oauth/authorize
I/System.out( 1034): 2504*http://api.twitter.com/oauth/authorize
I/System.out( 1034): 2505*http://api.twitter.com/oauth/authorize
I/System.out( 1034): 2511*api.twitter.com/oauth/authorize
I/System.out( 1034): 2513*http://api.twitter.com/oauth/authorize
I/System.out( 1034): 2506*http://api.twitter.com/oauth/authorize
I/System.out( 1034): 2507*http://api.twitter.com/oauth/request_token
I/System.out( 1034): 2511*api.twitter.com/oauth/request_token
I/System.out( 1034): 2513*http://api.twitter.com/oauth/request_token
I/System.out( 1034): 2508*http://api.twitter.com/oauth/request_token
I/System.out( 1034): 2509*http://api.twitter.com/oauth/request_token
I/System.out( 1034): 2511*api.twitter.com/oauth/request_token
I/System.out( 1034): 2513*http://api.twitter.com/oauth/request_token
I/System.out( 1034): 2510*http://api.twitter.com/oauth/request_token
I/System.out( 1034): 2491*null
I/System.out( 1034): 2492*null
I/System.out( 1034): 2495*http://api.twitter.com/oauth/access_token
I/System.out( 1034): 2511*api.twitter.com/oauth/access_token
I/System.out( 1034): 2513*http://api.twitter.com/oauth/access_token
I/System.out( 1034): 2496*http://api.twitter.com/oauth/access_token
I/System.out( 1034): 2497*http://api.twitter.com/oauth/access_token
I/System.out( 1034): 2511*api.twitter.com/oauth/access_token
I/System.out( 1034): 2513*http://api.twitter.com/oauth/access_token
I/System.out( 1034): 2498*http://api.twitter.com/oauth/access_token
I/System.out( 1034): 2499*null
I/System.out( 1034): 2500*null
I/System.out( 1034): 2503*http://api.twitter.com/oauth/authorize
I/System.out( 1034): 2511*api.twitter.com/oauth/authorize
I/System.out( 1034): 2513*http://api.twitter.com/oauth/authorize
I/System.out( 1034): 2504*http://api.twitter.com/oauth/authorize
I/System.out( 1034): 2505*http://api.twitter.com/oauth/authorize
I/System.out( 1034): 2511*api.twitter.com/oauth/authorize
I/System.out( 1034): 2513*http://api.twitter.com/oauth/authorize
I/System.out( 1034): 2506*http://api.twitter.com/oauth/authorize
I/System.out( 1034): 2507*http://api.twitter.com/oauth/request_token
I/System.out( 1034): 2511*api.twitter.com/oauth/request_token
I/System.out( 1034): 2513*http://api.twitter.com/oauth/request_token
I/System.out( 1034): 2508*http://api.twitter.com/oauth/request_token
I/System.out( 1034): 2509*http://api.twitter.com/oauth/request_token
I/System.out( 1034): 2511*api.twitter.com/oauth/request_token
I/System.out( 1034): 2513*http://api.twitter.com/oauth/request_token
I/System.out( 1034): 2510*http://api.twitter.com/oauth/request_token
I/System.out( 1034): 2491*null
I/System.out( 1034): 2492*null
I/System.out( 1034): 2495*http://api.twitter.com/oauth/access_token
I/System.out( 1034): 2511*api.twitter.com/oauth/access_token
I/System.out( 1034): 2513*http://api.twitter.com/oauth/access_token
I/System.out( 1034): 2496*http://api.twitter.com/oauth/access_token
I/System.out( 1034): 2497*http://api.twitter.com/oauth/access_token
I/System.out( 1034): 2511*api.twitter.com/oauth/access_token
I/System.out( 1034): 2513*http://api.twitter.com/oauth/access_token
I/System.out( 1034): 2498*http://api.twitter.com/oauth/access_token
I/System.out( 1034): 2499*http://api.twitter.com/oauth/authenticate
I/System.out( 1034): 2511*api.twitter.com/oauth/authenticate
I/System.out( 1034): 2513*http://api.twitter.com/oauth/authenticate
I/System.out( 1034): 2500*http://api.twitter.com/oauth/authenticate
I/System.out( 1034): 2501*http://api.twitter.com/oauth/authenticate
I/System.out( 1034): 2511*api.twitter.com/oauth/authenticate
I/System.out( 1034): 2513*http://api.twitter.com/oauth/authenticate
I/System.out( 1034): 2502*http://api.twitter.com/oauth/authenticate
I/System.out( 1034): 2503*http://api.twitter.com/oauth/authorize
I/System.out( 1034): 2511*api.twitter.com/oauth/authorize
I/System.out( 1034): 2513*http://api.twitter.com/oauth/authorize
I/System.out( 1034): 2504*http://api.twitter.com/oauth/authorize
I/System.out( 1034): 2505*http://api.twitter.com/oauth/authorize
I/System.out( 1034): 2511*api.twitter.com/oauth/authorize
I/System.out( 1034): 2513*http://api.twitter.com/oauth/authorize
I/System.out( 1034): 2506*http://api.twitter.com/oauth/authorize
I/System.out( 1034): 2507*http://api.twitter.com/oauth/request_token
I/System.out( 1034): 2511*api.twitter.com/oauth/request_token
I/System.out( 1034): 2513*http://api.twitter.com/oauth/request_token
I/System.out( 1034): 2508*http://api.twitter.com/oauth/request_token
I/System.out( 1034): 2509*http://api.twitter.com/oauth/request_token
I/System.out( 1034): 2511*api.twitter.com/oauth/request_token
I/System.out( 1034): 2513*http://api.twitter.com/oauth/request_token
I/System.out( 1034): 2510*http://api.twitter.com/oauth/request_token
I/System.out( 1034): 2491*http://api.twitter.com/1.1/
I/System.out( 1034): 2511*api.twitter.com/1.1/
I/System.out( 1034): 2513*http://api.twitter.com/1.1/
I/System.out( 1034): 2492*http://api.twitter.com/1.1/
I/System.out( 1034): 2493*http://api.twitter.com/1.1/
I/System.out( 1034): 2511*api.twitter.com/1.1/
I/System.out( 1034): 2513*http://api.twitter.com/1.1/
I/System.out( 1034): 2494*http://api.twitter.com/1.1/
I/System.out( 1034): 2495*http://api.twitter.com/oauth/access_token
I/System.out( 1034): 2511*api.twitter.com/oauth/access_token
I/System.out( 1034): 2513*http://api.twitter.com/oauth/access_token
I/System.out( 1034): 2496*http://api.twitter.com/oauth/access_token
I/System.out( 1034): 2497*http://api.twitter.com/oauth/access_token
I/System.out( 1034): 2511*api.twitter.com/oauth/access_token
I/System.out( 1034): 2513*http://api.twitter.com/oauth/access_token
I/System.out( 1034): 2498*http://api.twitter.com/oauth/access_token
I/System.out( 1034): 2499*http://api.twitter.com/oauth/authenticate
I/System.out( 1034): 2511*api.twitter.com/oauth/authenticate
I/System.out( 1034): 2513*http://api.twitter.com/oauth/authenticate
I/System.out( 1034): 2500*http://api.twitter.com/oauth/authenticate
I/System.out( 1034): 2501*http://api.twitter.com/oauth/authenticate
I/System.out( 1034): 2511*api.twitter.com/oauth/authenticate
I/System.out( 1034): 2513*http://api.twitter.com/oauth/authenticate
I/System.out( 1034): 2502*http://api.twitter.com/oauth/authenticate
I/System.out( 1034): 2503*http://api.twitter.com/oauth/authorize
I/System.out( 1034): 2511*api.twitter.com/oauth/authorize
I/System.out( 1034): 2513*http://api.twitter.com/oauth/authorize
I/System.out( 1034): 2504*http://api.twitter.com/oauth/authorize
I/System.out( 1034): 2505*http://api.twitter.com/oauth/authorize
I/System.out( 1034): 2511*api.twitter.com/oauth/authorize
I/System.out( 1034): 2513*http://api.twitter.com/oauth/authorize
I/System.out( 1034): 2506*http://api.twitter.com/oauth/authorize
I/System.out( 1034): 2507*http://api.twitter.com/oauth/request_token
I/System.out( 1034): 2511*api.twitter.com/oauth/request_token
I/System.out( 1034): 2513*http://api.twitter.com/oauth/request_token
I/System.out( 1034): 2508*http://api.twitter.com/oauth/request_token
I/System.out( 1034): 2509*http://api.twitter.com/oauth/request_token
I/System.out( 1034): 2511*api.twitter.com/oauth/request_token
I/System.out( 1034): 2513*http://api.twitter.com/oauth/request_token
I/System.out( 1034): 2510*http://api.twitter.com/oauth/request_token
I/System.out( 1034): 2485*true
I/System.out( 1034): 2486*true
I/System.out( 1034): 2487*false
I/System.out( 1034): 2488*false
I/System.out( 1034): 1401*ANDROID_SOCKET_zygote
I/System.out( 1034): 1402*9
I/System.out( 1034): 1401*EMULATED_STORAGE_SOURCE
I/System.out( 1034): 1402*/mnt/shell/emulated
I/System.out( 1034): 1401*ANDROID_STORAGE
I/System.out( 1034): 1402*/storage
I/System.out( 1034): 1401*ANDROID_BOOTLOGO
I/System.out( 1034): 1402*1
I/System.out( 1034): 1401*EXTERNAL_STORAGE
I/System.out( 1034): 1402*/storage/emulated/legacy
I/System.out( 1034): 1401*LD_PRELOAD
I/System.out( 1034): 1402*/system/lib/libicuuc_46.so:/system/lib/libicui18n_46.so
I/System.out( 1034): 1401*ANDROID_ASSETS
I/System.out( 1034): 1402*/system/app
I/System.out( 1034): 1401*ASEC_MOUNTPOINT
I/System.out( 1034): 1402*/mnt/asec
I/System.out( 1034): 1401*PATH
I/System.out( 1034): 1402*/sbin:/vendor/bin:/system/sbin:/system/bin:/system/xbin
I/System.out( 1034): 1401*LOOP_MOUNTPOINT
I/System.out( 1034): 1402*/mnt/obb
I/System.out( 1034): 1401*BOOTCLASSPATH
I/System.out( 1034): 1402*/system/framework/core.jar:/system/framework/core-junit.jar:/system/framework/bouncycastle.jar:/system/framework/ext.jar:/system/framework/framework.jar:/system/framework/telephony-common.jar:/system/framework/voip-common.jar:/system/framework/mms-common.jar:/system/framework/android.policy.jar:/system/framework/services.jar:/system/framework/apache-xml.jar
I/System.out( 1034): 1401*EMULATED_STORAGE_TARGET
I/System.out( 1034): 1402*/storage/emulated
I/System.out( 1034): 1401*ANDROID_DATA
I/System.out( 1034): 1402*/data
I/System.out( 1034): 1401*ANDROID_PROPERTY_WORKSPACE
I/System.out( 1034): 1402*8,49152
I/System.out( 1034): 1401*ANDROID_ROOT
I/System.out( 1034): 1402*/system
I/System.out( 1034): 1401*LD_LIBRARY_PATH
I/System.out( 1034): 1402*/vendor/lib:/system/lib
I/System.out( 1034): 1404*java.vendor.url
I/System.out( 1034): 1404*java.ext.dirs
I/System.out( 1034): 1404*line.separator
I/System.out( 1034): 1404*file.encoding
I/System.out( 1034): 1404*ANDROID_DATA
I/System.out( 1034): 1404*PATH
I/System.out( 1034): 1404*java.runtime.version
I/System.out( 1034): 1404*user.name
I/System.out( 1034): 1404*java.compiler
I/System.out( 1034): 1404*android.icu.unicode.version
I/System.out( 1034): 1404*BOOTCLASSPATH
I/System.out( 1034): 1404*java.version
I/System.out( 1034): 1404*android.icu.library.version
I/System.out( 1034): 1404*ANDROID_STORAGE
I/System.out( 1034): 1404*os.arch
I/System.out( 1034): 1404*EMULATED_STORAGE_SOURCE
I/System.out( 1034): 1404*java.io.tmpdir
I/System.out( 1034): 1404*LD_PRELOAD
I/System.out( 1034): 1404*android.zlib.version
I/System.out( 1034): 1404*user.language
I/System.out( 1034): 1404*java.vm.version
I/System.out( 1034): 1404*ANDROID_ASSETS
I/System.out( 1034): 1404*path.separator
I/System.out( 1034): 1404*java.runtime.name
I/System.out( 1034): 1404*java.specification.version
I/System.out( 1034): 1404*user.dir
I/System.out( 1034): 1404*java.vm.specification.vendor
I/System.out( 1034): 1404*java.vm.name
I/System.out( 1034): 1404*EMULATED_STORAGE_TARGET
I/System.out( 1034): 1404*java.vm.specification.version
I/System.out( 1034): 1404*user.home
I/System.out( 1034): 1404*LD_LIBRARY_PATH
I/System.out( 1034): 1404*java.specification.name
I/System.out( 1034): 1404*ANDROID_SOCKET_zygote
I/System.out( 1034): 1404*file.separator
I/System.out( 1034): 1404*java.library.path
I/System.out( 1034): 1404*os.version
I/System.out( 1034): 1404*java.boot.class.path
I/System.out( 1034): 1404*java.vm.specification.name
I/System.out( 1034): 1404*user.region
I/System.out( 1034): 1404*os.name
I/System.out( 1034): 1404*java.class.path
I/System.out( 1034): 1404*ANDROID_ROOT
I/System.out( 1034): 1404*LOOP_MOUNTPOINT
I/System.out( 1034): 1404*ANDROID_BOOTLOGO
I/System.out( 1034): 1404*java.specification.vendor
I/System.out( 1034): 1404*EXTERNAL_STORAGE
I/System.out( 1034): 1404*java.vm.vendor
I/System.out( 1034): 1404*java.vendor
I/System.out( 1034): 1404*http.agent
I/System.out( 1034): 1404*ASEC_MOUNTPOINT
I/System.out( 1034): 1404*android.icu.cldr.version
I/System.out( 1034): 1404*android.openssl.version
I/System.out( 1034): 1404*ANDROID_PROPERTY_WORKSPACE
I/System.out( 1034): 1404*java.home
I/System.out( 1034): 1404*java.vm.vendor.url
I/System.out( 1034): 1404*java.class.version
I/System.out( 1034): 1403*./twitter4j.properties
I/System.out( 1034): 1410*debug
I/System.out( 1034): 1411*null
I/System.out( 1034): 1410*user
I/System.out( 1034): 1411*null
I/System.out( 1034): 1410*password
I/System.out( 1034): 1411*null
I/System.out( 1034): 1410*http.useSSL
I/System.out( 1034): 1411*null
I/System.out( 1034): 1410*http.prettyDebug
I/System.out( 1034): 1411*null
I/System.out( 1034): 1410*http.gzip
I/System.out( 1034): 1411*null
I/System.out( 1034): 1410*http.proxyHost
I/System.out( 1034): 1411*null
I/System.out( 1034): 1410*http.proxyHost
I/System.out( 1034): 1411*null
I/System.out( 1034): 1410*http.proxyUser
I/System.out( 1034): 1411*null
I/System.out( 1034): 1410*http.proxyPassword
I/System.out( 1034): 1411*null
I/System.out( 1034): 1410*http.proxyPort
I/System.out( 1034): 1411*null
I/System.out( 1034): 1410*http.proxyPort
I/System.out( 1034): 1411*null
I/System.out( 1034): 1410*http.connectionTimeout
I/System.out( 1034): 1411*null
I/System.out( 1034): 1410*http.readTimeout
I/System.out( 1034): 1411*null
I/System.out( 1034): 1410*http.streamingReadTimeout
I/System.out( 1034): 1411*null
I/System.out( 1034): 1410*http.retryCount
I/System.out( 1034): 1411*null
I/System.out( 1034): 1410*http.retryIntervalSecs
I/System.out( 1034): 1411*null
I/System.out( 1034): 1410*http.maxTotalConnections
I/System.out( 1034): 1411*null
I/System.out( 1034): 1410*http.defaultMaxPerRoute
I/System.out( 1034): 1411*null
I/System.out( 1034): 1410*oauth.consumerKey
I/System.out( 1034): 1411*null
I/System.out( 1034): 1410*oauth.consumerSecret
I/System.out( 1034): 1411*null
I/System.out( 1034): 1410*oauth.accessToken
I/System.out( 1034): 1411*null
I/System.out( 1034): 1410*oauth.accessTokenSecret
I/System.out( 1034): 1411*null
I/System.out( 1034): 1410*async.numThreads
I/System.out( 1034): 1411*null
I/System.out( 1034): 1410*contributingTo
I/System.out( 1034): 1411*null
I/System.out( 1034): 1410*async.dispatcherImpl
I/System.out( 1034): 1411*null
I/System.out( 1034): 1410*clientVersion
I/System.out( 1034): 1411*null
I/System.out( 1034): 1410*clientURL
I/System.out( 1034): 1411*null
I/System.out( 1034): 1410*http.userAgent
I/System.out( 1034): 1411*null
I/System.out( 1034): 1410*oauth.requestTokenURL
I/System.out( 1034): 1411*null
I/System.out( 1034): 1410*oauth.authorizationURL
I/System.out( 1034): 1411*null
I/System.out( 1034): 1410*oauth.accessTokenURL
I/System.out( 1034): 1411*null
I/System.out( 1034): 1410*oauth.authenticationURL
I/System.out( 1034): 1411*null
I/System.out( 1034): 1410*restBaseURL
I/System.out( 1034): 1411*null
I/System.out( 1034): 1410*streamBaseURL
I/System.out( 1034): 1411*null
I/System.out( 1034): 1410*userStreamBaseURL
I/System.out( 1034): 1411*null
I/System.out( 1034): 1410*siteStreamBaseURL
I/System.out( 1034): 1411*null
I/System.out( 1034): 1410*includeRTs
I/System.out( 1034): 1411*null
I/System.out( 1034): 1410*includeEntities
I/System.out( 1034): 1411*null
I/System.out( 1034): 1410*includeMyRetweet
I/System.out( 1034): 1411*null
I/System.out( 1034): 1410*loggerFactory
I/System.out( 1034): 1411*null
I/System.out( 1034): 1410*jsonStoreEnabled
I/System.out( 1034): 1411*null
I/System.out( 1034): 1410*mbeanEnabled
I/System.out( 1034): 1411*null
I/System.out( 1034): 1410*stream.user.repliesAll
I/System.out( 1034): 1411*null
I/System.out( 1034): 1410*stream.enableStallWarnings
I/System.out( 1034): 1411*null
I/System.out( 1034): 1410*media.provider
I/System.out( 1034): 1411*null
I/System.out( 1034): 1410*media.providerAPIKey
I/System.out( 1034): 1411*null
I/System.out( 1034): 1410*media.providerParameters
I/System.out( 1034): 1411*null
I/System.out( 1034): 1785*
I/System.out( 1034): 1441*null
I/System.out( 1034): 1442*
I/System.out( 1034): 2634*null
I/System.out( 1034): 836*null
I/System.out( 1034): 2635*null
I/System.out( 1034): 837*null
I/System.out( 1034): 2641*null
I/System.out( 1034): 840*null
I/System.out( 1034): 2637*null
I/System.out( 1034): 841*null
I/System.out( 1034): 331*null
I/System.out( 1034): 1500*null
I/System.out( 1034): 3806*null
I/System.out( 1034): 2626*null
I/System.out( 1034): 1450*null
I/System.out( 1034): 3807*null
I/System.out( 1034): 3822*0.9
I/System.out( 1034): 2623*null
I/System.out( 1034): 2823*null
I/System.out( 1034): 2729*true
I/System.out( 1034): 2644*twitter4j http://twitter4j.org/ /3.0.3
I/System.out( 1034): 2645*twitter4j http://twitter4j.org/ /3.0.3
I/System.out( 1034): 2646*null
I/System.out( 1034): 2648*null
I/System.out( 1034): 2650*null
I/System.out( 1034): 2652*null
I/System.out( 1034): 2654*null
I/System.out( 1034): 2656*null
I/System.out( 1034): 2658*null
I/System.out( 1034): 2660*null
I/System.out( 1034): 2662*null
I/System.out( 1034): 2664*http://api.twitter.com/oauth/request_token
I/System.out( 1034): 2665*http://api.twitter.com/oauth/request_token
I/System.out( 1034): 2666*http://api.twitter.com/oauth/authorize
I/System.out( 1034): 2667*http://api.twitter.com/oauth/authorize
I/System.out( 1034): 2668*http://api.twitter.com/oauth/access_token
I/System.out( 1034): 2669*http://api.twitter.com/oauth/access_token
I/System.out( 1034): 2670*http://api.twitter.com/oauth/authenticate
I/System.out( 1034): 2671*http://api.twitter.com/oauth/authenticate
I/System.out( 1034): 2672*http://api.twitter.com/1.1/
I/System.out( 1034): 2673*http://api.twitter.com/1.1/
I/System.out( 1034): 2674*https://stream.twitter.com/1.1/
I/System.out( 1034): 2675*https://stream.twitter.com/1.1/
I/System.out( 1034): 2676*https://userstream.twitter.com/1.1/
I/System.out( 1034): 2677*https://userstream.twitter.com/1.1/
I/System.out( 1034): 2678*https://sitestream.twitter.com/1.1/
I/System.out( 1034): 2679*https://sitestream.twitter.com/1.1/
I/System.out( 1034): 2680*twitter4j.internal.async.DispatcherImpl
I/System.out( 1034): 2681*twitter4j.internal.async.DispatcherImpl
I/System.out( 1034): 2682*null
I/System.out( 1034): 2684*TWITTER
I/System.out( 1034): 2685*TWITTER
I/System.out( 1034): 2686*null
I/System.out( 1034): 2688*3.0.3
I/System.out( 1034): 2689*3.0.3
I/System.out( 1034): 2690*http://twitter4j.org/en/twitter4j-3.0.3.xml
I/System.out( 1034): 2691*http://twitter4j.org/en/twitter4j-3.0.3.xml
I/System.out( 1034): 2644*twitter4j http://twitter4j.org/ /3.0.3
I/System.out( 1034): 2645*twitter4j http://twitter4j.org/ /3.0.3
I/System.out( 1034): 2646*null
I/System.out( 1034): 2648*null
I/System.out( 1034): 2650*null
I/System.out( 1034): 2652*null
I/System.out( 1034): 2654*null
I/System.out( 1034): 2656*null
I/System.out( 1034): 2658*null
I/System.out( 1034): 2660*null
I/System.out( 1034): 2662*null
I/System.out( 1034): 2664*http://api.twitter.com/oauth/request_token
I/System.out( 1034): 2665*http://api.twitter.com/oauth/request_token
I/System.out( 1034): 2666*http://api.twitter.com/oauth/authorize
I/System.out( 1034): 2667*http://api.twitter.com/oauth/authorize
I/System.out( 1034): 2668*http://api.twitter.com/oauth/access_token
I/System.out( 1034): 2669*http://api.twitter.com/oauth/access_token
I/System.out( 1034): 2670*http://api.twitter.com/oauth/authenticate
I/System.out( 1034): 2671*http://api.twitter.com/oauth/authenticate
I/System.out( 1034): 2672*http://api.twitter.com/1.1/
I/System.out( 1034): 2673*http://api.twitter.com/1.1/
I/System.out( 1034): 2674*https://stream.twitter.com/1.1/
I/System.out( 1034): 2675*https://stream.twitter.com/1.1/
I/System.out( 1034): 2676*https://userstream.twitter.com/1.1/
I/System.out( 1034): 2677*https://userstream.twitter.com/1.1/
I/System.out( 1034): 2678*https://sitestream.twitter.com/1.1/
I/System.out( 1034): 2679*https://sitestream.twitter.com/1.1/
I/System.out( 1034): 2680*twitter4j.internal.async.DispatcherImpl
I/System.out( 1034): 2681*twitter4j.internal.async.DispatcherImpl
I/System.out( 1034): 2682*null
I/System.out( 1034): 2684*TWITTER
I/System.out( 1034): 2685*TWITTER
I/System.out( 1034): 2686*null
I/System.out( 1034): 2688*3.0.3
I/System.out( 1034): 2689*3.0.3
I/System.out( 1034): 2690*http://twitter4j.org/en/twitter4j-3.0.3.xml
I/System.out( 1034): 2691*http://twitter4j.org/en/twitter4j-3.0.3.xml
I/System.out( 1034): 381*null
I/System.out( 1034): 383*include_entities=1&include_rts=1
I/System.out( 1034): 384*include_entities=1&include_rts=1
I/System.out( 1034): 2644*twitter4j http://twitter4j.org/ /3.0.3
I/System.out( 1034): 2645*twitter4j http://twitter4j.org/ /3.0.3
I/System.out( 1034): 2646*null
I/System.out( 1034): 2648*null
I/System.out( 1034): 2650*null
I/System.out( 1034): 2652*null
I/System.out( 1034): 2654*null
I/System.out( 1034): 2656*null
I/System.out( 1034): 2658*null
I/System.out( 1034): 2660*null
I/System.out( 1034): 2662*null
I/System.out( 1034): 2664*http://api.twitter.com/oauth/request_token
I/System.out( 1034): 2665*http://api.twitter.com/oauth/request_token
I/System.out( 1034): 2666*http://api.twitter.com/oauth/authorize
I/System.out( 1034): 2667*http://api.twitter.com/oauth/authorize
I/System.out( 1034): 2668*http://api.twitter.com/oauth/access_token
I/System.out( 1034): 2669*http://api.twitter.com/oauth/access_token
I/System.out( 1034): 2670*http://api.twitter.com/oauth/authenticate
I/System.out( 1034): 2671*http://api.twitter.com/oauth/authenticate
I/System.out( 1034): 2672*http://api.twitter.com/1.1/
I/System.out( 1034): 2673*http://api.twitter.com/1.1/
I/System.out( 1034): 2674*https://stream.twitter.com/1.1/
I/System.out( 1034): 2675*https://stream.twitter.com/1.1/
I/System.out( 1034): 2676*https://userstream.twitter.com/1.1/
I/System.out( 1034): 2677*https://userstream.twitter.com/1.1/
I/System.out( 1034): 2678*https://sitestream.twitter.com/1.1/
I/System.out( 1034): 2679*https://sitestream.twitter.com/1.1/
I/System.out( 1034): 2680*twitter4j.internal.async.DispatcherImpl
I/System.out( 1034): 2681*twitter4j.internal.async.DispatcherImpl
I/System.out( 1034): 2682*null
I/System.out( 1034): 2684*TWITTER
I/System.out( 1034): 2685*TWITTER
I/System.out( 1034): 2686*null
I/System.out( 1034): 2688*3.0.3
I/System.out( 1034): 2689*3.0.3
I/System.out( 1034): 2690*http://twitter4j.org/en/twitter4j-3.0.3.xml
I/System.out( 1034): 2691*http://twitter4j.org/en/twitter4j-3.0.3.xml
I/System.out( 1034): 2644*twitter4j http://twitter4j.org/ /3.0.3
I/System.out( 1034): 2645*twitter4j http://twitter4j.org/ /3.0.3
I/System.out( 1034): 2646*null
I/System.out( 1034): 2648*null
I/System.out( 1034): 2650*null
I/System.out( 1034): 2652*null
I/System.out( 1034): 2654*null
I/System.out( 1034): 2656*null
I/System.out( 1034): 2658*null
I/System.out( 1034): 2660*null
I/System.out( 1034): 2662*null
I/System.out( 1034): 2664*http://api.twitter.com/oauth/request_token
I/System.out( 1034): 2665*http://api.twitter.com/oauth/request_token
I/System.out( 1034): 2666*http://api.twitter.com/oauth/authorize
I/System.out( 1034): 2667*http://api.twitter.com/oauth/authorize
I/System.out( 1034): 2668*http://api.twitter.com/oauth/access_token
I/System.out( 1034): 2669*http://api.twitter.com/oauth/access_token
I/System.out( 1034): 2670*http://api.twitter.com/oauth/authenticate
I/System.out( 1034): 2671*http://api.twitter.com/oauth/authenticate
I/System.out( 1034): 2672*http://api.twitter.com/1.1/
I/System.out( 1034): 2673*http://api.twitter.com/1.1/
I/System.out( 1034): 2674*https://stream.twitter.com/1.1/
I/System.out( 1034): 2675*https://stream.twitter.com/1.1/
I/System.out( 1034): 2676*https://userstream.twitter.com/1.1/
I/System.out( 1034): 2677*https://userstream.twitter.com/1.1/
I/System.out( 1034): 2678*https://sitestream.twitter.com/1.1/
I/System.out( 1034): 2679*https://sitestream.twitter.com/1.1/
I/System.out( 1034): 2680*twitter4j.internal.async.DispatcherImpl
I/System.out( 1034): 2681*twitter4j.internal.async.DispatcherImpl
I/System.out( 1034): 2682*null
I/System.out( 1034): 2684*TWITTER
I/System.out( 1034): 2685*TWITTER
I/System.out( 1034): 2686*null
I/System.out( 1034): 2688*3.0.3
I/System.out( 1034): 2689*3.0.3
I/System.out( 1034): 2690*http://twitter4j.org/en/twitter4j-3.0.3.xml
I/System.out( 1034): 2691*http://twitter4j.org/en/twitter4j-3.0.3.xml
I/System.out( 1034): 2634*null
I/System.out( 1034): 836*null
I/System.out( 1034): 2635*null
I/System.out( 1034): 837*null
I/System.out( 1034): 2641*null
I/System.out( 1034): 840*null
I/System.out( 1034): 2637*null
I/System.out( 1034): 841*null
I/System.out( 1034): 2623*null
I/System.out( 1034): 2823*null
I/System.out( 1034): 2729*true
I/System.out( 1034): 2644*twitter4j http://twitter4j.org/ /3.0.3
I/System.out( 1034): 2645*twitter4j http://twitter4j.org/ /3.0.3
I/System.out( 1034): 2646*null
I/System.out( 1034): 2648*null
I/System.out( 1034): 2650*null
I/System.out( 1034): 2652*null
I/System.out( 1034): 2654*null
I/System.out( 1034): 2656*null
I/System.out( 1034): 2658*null
I/System.out( 1034): 2660*null
I/System.out( 1034): 2662*null
I/System.out( 1034): 2664*http://api.twitter.com/oauth/request_token
I/System.out( 1034): 2665*http://api.twitter.com/oauth/request_token
I/System.out( 1034): 2666*http://api.twitter.com/oauth/authorize
I/System.out( 1034): 2667*http://api.twitter.com/oauth/authorize
I/System.out( 1034): 2668*http://api.twitter.com/oauth/access_token
I/System.out( 1034): 2669*http://api.twitter.com/oauth/access_token
I/System.out( 1034): 2670*http://api.twitter.com/oauth/authenticate
I/System.out( 1034): 2671*http://api.twitter.com/oauth/authenticate
I/System.out( 1034): 2672*http://api.twitter.com/1.1/
I/System.out( 1034): 2673*http://api.twitter.com/1.1/
I/System.out( 1034): 2674*https://stream.twitter.com/1.1/
I/System.out( 1034): 2675*https://stream.twitter.com/1.1/
I/System.out( 1034): 2676*https://userstream.twitter.com/1.1/
I/System.out( 1034): 2677*https://userstream.twitter.com/1.1/
I/System.out( 1034): 2678*https://sitestream.twitter.com/1.1/
I/System.out( 1034): 2679*https://sitestream.twitter.com/1.1/
I/System.out( 1034): 2680*twitter4j.internal.async.DispatcherImpl
I/System.out( 1034): 2681*twitter4j.internal.async.DispatcherImpl
I/System.out( 1034): 2682*null
I/System.out( 1034): 2684*TWITTER
I/System.out( 1034): 2685*TWITTER
I/System.out( 1034): 2686*null
I/System.out( 1034): 2688*3.0.3
I/System.out( 1034): 2689*3.0.3
I/System.out( 1034): 2690*http://twitter4j.org/en/twitter4j-3.0.3.xml
I/System.out( 1034): 2691*http://twitter4j.org/en/twitter4j-3.0.3.xml
I/System.out( 1034): 2644*twitter4j http://twitter4j.org/ /3.0.3
I/System.out( 1034): 2645*twitter4j http://twitter4j.org/ /3.0.3
I/System.out( 1034): 2646*null
I/System.out( 1034): 2648*null
I/System.out( 1034): 2650*null
I/System.out( 1034): 2652*null
I/System.out( 1034): 2654*null
I/System.out( 1034): 2656*null
I/System.out( 1034): 2658*null
I/System.out( 1034): 2660*null
I/System.out( 1034): 2662*null
I/System.out( 1034): 2664*http://api.twitter.com/oauth/request_token
I/System.out( 1034): 2665*http://api.twitter.com/oauth/request_token
I/System.out( 1034): 2666*http://api.twitter.com/oauth/authorize
I/System.out( 1034): 2667*http://api.twitter.com/oauth/authorize
I/System.out( 1034): 2668*http://api.twitter.com/oauth/access_token
I/System.out( 1034): 2669*http://api.twitter.com/oauth/access_token
I/System.out( 1034): 2670*http://api.twitter.com/oauth/authenticate
I/System.out( 1034): 2671*http://api.twitter.com/oauth/authenticate
I/System.out( 1034): 2672*http://api.twitter.com/1.1/
I/System.out( 1034): 2673*http://api.twitter.com/1.1/
I/System.out( 1034): 2674*https://stream.twitter.com/1.1/
I/System.out( 1034): 2675*https://stream.twitter.com/1.1/
I/System.out( 1034): 2676*https://userstream.twitter.com/1.1/
I/System.out( 1034): 2677*https://userstream.twitter.com/1.1/
I/System.out( 1034): 2678*https://sitestream.twitter.com/1.1/
I/System.out( 1034): 2679*https://sitestream.twitter.com/1.1/
I/System.out( 1034): 2680*twitter4j.internal.async.DispatcherImpl
I/System.out( 1034): 2681*twitter4j.internal.async.DispatcherImpl
I/System.out( 1034): 2682*null
I/System.out( 1034): 2684*TWITTER
I/System.out( 1034): 2685*TWITTER
I/System.out( 1034): 2686*null
I/System.out( 1034): 2688*3.0.3
I/System.out( 1034): 2689*3.0.3
I/System.out( 1034): 2690*http://twitter4j.org/en/twitter4j-3.0.3.xml
I/System.out( 1034): 2691*http://twitter4j.org/en/twitter4j-3.0.3.xml
I/System.out( 1034): 381*include_entities=1&include_rts=1
I/System.out( 1034): 1769*4h9iybIYQ4YZAFRjykAcQ
I/System.out( 1034): 1770*yFHLfSSXi536mN3ebvXPJ8NcC6LrodylZpCqiqUtQg
I/System.out( 1034): 2623*null
I/System.out( 1034): 2823*null
I/System.out( 1034): 2634*null
I/System.out( 1034): 1142*null
I/System.out( 1034): 2635*null
I/System.out( 1034): 1143*null
I/System.out( 1034): 2629*null
I/System.out( 1034): 1455*null
I/System.out( 1034): 1144*null
D/dalvikvm( 1034): GC_FOR_ALLOC freed 262K, 13% free 4288K/4928K, paused 2ms, total 2ms
I/dalvikvm-heap( 1034): Grow heap (frag case) to 6.898MB for 2457612-byte allocation
D/dalvikvm( 1034): GC_FOR_ALLOC freed <1K, 9% free 6688K/7332K, paused 3ms, total 3ms
D/dalvikvm( 1034): GC_CONCURRENT freed <1K, 9% free 6688K/7332K, paused 0ms+0ms, total 1ms
I/System.out( 1034): 1949*483
I/System.out( 1034): 1950*2011
I/System.out( 1034): 1951*36B5EBE1-0D2F-4667-AB38-8E97157F6995
I/System.out( 1034): 1952*http://s31.a2zinc.net/a2zExpoService/a2zExpoService.svc
I/System.out( 1034): 1953*http://s31.a2zinc.net/a2zExpoService/TrackerServer.svc/
I/System.out( 1034): 1954*http://dev5.a2zinc.net/iPhone%20App/
I/System.out( 1034): 1955*http://api.twitter.com/1.1/search/tweets.json?q=%23devconnections&count=50
I/System.out( 1034): 1956*#devconnections
I/System.out( 1034): 1957*http://www.chirpe.com/MobileContent.aspx?ContentID=169&EventID=1033
I/System.out( 1034): 1958*Local Info
I/System.out( 1034): 1959*Event Info Goes Here
I/System.out( 1034): 1960*http://www.devconnections.com/dev13
I/System.out( 1034): 2040*
I/System.out( 1034): 2059*http://s31.a2zinc.net/a2zExpoService/a2zExpoService.svc
I/System.out( 1034): 3724*http://s31.a2zinc.net/a2zExpoService/a2zExpoService.svc
I/System.out( 1034): 2040*
I/System.out( 1034): 2058*36B5EBE1-0D2F-4667-AB38-8E97157F6995
I/System.out( 1034): 3725*36B5EBE1-0D2F-4667-AB38-8E97157F6995
I/System.out( 1034): 2040*
I/System.out( 1034): 2041*483
I/System.out( 1034): 3726*483
I/System.out( 1034): 3727*http://s31.a2zinc.net/a2zExpoService/a2zExpoService.svc
I/System.out( 1034): 3728*http://s31.a2zinc.net/a2zExpoService/a2zExpoService.svc/getChirpESqlDB/36B5EBE1-0D2F-4667-AB38-8E97157F6995/483
I/System.out( 1034): 2040*
I/System.out( 1034): 2086*http://s31.a2zinc.net/a2zExpoService/TrackerServer.svc/
I/System.out( 1034): 2087*http://s31.a2zinc.net/a2zExpoService/TrackerServer.svc/
I/System.out( 1034): 2088*36B5EBE1-0D2F-4667-AB38-8E97157F6995
I/System.out( 1034): 2089*Android
I/System.out( 1034): 2090*Android
I/System.out( 1034): 2091*4.3
I/System.out( 1034): 2092*4.3
I/System.out( 1034): 2093*Genymotion
I/System.out( 1034): 2094*Genymotion
I/System.out( 1034): 2095*Custom Phone - 4.3 - API 18 - 768x1280
I/System.out( 1034): 2096*GenymotionCustom Phone - 4.3 - API 18 - 768x1280
I/System.out( 1034): 2097*GenymotionCustom+Phone+-+4.3+-+API+18+-+768x1280
I/System.out( 1034): 2066*fe80::a00:27ff:feaa:eed2%eth1
I/System.out( 1034): 2067*fe80::a00:27ff:feaa:eed2%eth1
I/System.out( 1034): 2098*fe80::a00:27ff:feaa:eed2%eth1
I/System.out( 1034): 2066*fe80::a00:27ff:feaa:eed2%eth1
I/System.out( 1034): 2067*fe80::a00:27ff:feaa:eed2%eth1
I/System.out( 1034): 2108*fe80::a00:27ff:feaa:eed2%eth1
I/System.out( 1034): 2099*fe80%3A%3Aa00%3A27ff%3Afeaa%3Aeed2%25eth1
I/System.out( 1034): 2100*http://s31.a2zinc.net/a2zExpoService/TrackerServer.svc/CreateUserSessionID/36B5EBE1-0D2F-4667-AB38-8E97157F6995/Android/Android/4.3/GenymotionCustom+Phone+-+4.3+-+API+18+-+768x1280/fe80%3A%3Aa00%3A27ff%3Afeaa%3Aeed2%25eth1/null
D/dalvikvm( 1034): GC_CONCURRENT freed 621K, 13% free 6782K/7784K, paused 1ms+0ms, total 3ms
W/ViewRootImpl( 1034): Dropping event due to no window focus: KeyEvent { action=ACTION_DOWN, keyCode=KEYCODE_ALT_RIGHT, scanCode=100, metaState=META_ALT_ON|META_ALT_RIGHT_ON, flags=0x8, repeatCount=39895, eventTime=2170020, downTime=153409, deviceId=1, source=0x301 }
W/ViewRootImpl( 1034): Dropping event due to no window focus: KeyEvent { action=ACTION_DOWN, keyCode=KEYCODE_ALT_RIGHT, scanCode=100, metaState=META_ALT_ON|META_ALT_RIGHT_ON, flags=0x8, repeatCount=39896, eventTime=2170133, downTime=153409, deviceId=1, source=0x301 }
D/        ( 1034): HostConnection::get() New Host Connection established 0xb89cd070, tid 1034
W/ViewRootImpl( 1034): Dropping event due to no window focus: KeyEvent { action=ACTION_DOWN, keyCode=KEYCODE_ALT_RIGHT, scanCode=100, metaState=META_ALT_ON|META_ALT_RIGHT_ON, flags=0x8, repeatCount=39897, eventTime=2170184, downTime=153409, deviceId=1, source=0x301 }
I/ActivityManager(  371): Displayed a2z.Mobile.DevConnections/.SplashActivity: +226ms
I/System.out( 1034): 2054*
I/System.out( 1034): 2055*
I/System.out( 1034): 2007*mounted
I/System.out( 1034): 2008*Download
I/System.out( 1034): 3688*chirpe_data.sqlite
I/System.out( 1034): 3689*chirpe_data.sqlite
I/System.out( 1034): 3695*/data/data/a2z.Mobile.DevConnections/databases/
I/System.out( 1034): 3696*/data/data/a2z.Mobile.DevConnections/databases/
I/System.out( 1034): 3697*chirpe_data.sqlite
I/System.out( 1034): 3698*/data/data/a2z.Mobile.DevConnections/databases/chirpe_data.sqlite
I/System.out( 1034): 3691*/data/data/a2z.Mobile.DevConnections/databases/
I/System.out( 1034): 3692*/data/data/a2z.Mobile.DevConnections/databases/
I/System.out( 1034): 3693*chirpe_data.sqlite
I/System.out( 1034): 3694*/data/data/a2z.Mobile.DevConnections/databases/chirpe_data.sqlite
I/qtaguid (  371): Failed write_ctrl(s 0 10023) res=-1 errno=1
W/NetworkManagementSocketTagger(  371): setKernelCountSet(10023, 0) failed with errno -1
E/Genymotion(  371): Could not open '/sys/class/power_supply/genymotion_fake_path/present'
I/Splash onPostexecute( 1034): onPostExecute
I/ActivityManager(  371): START u0 {cmp=a2z.Mobile.DevConnections/.NavigationActivity (has extras)} from pid 1034
D/dalvikvm(  371): GC_FOR_ALLOC freed 465K, 17% free 7417K/8928K, paused 6ms, total 8ms
I/dalvikvm-heap(  371): Grow heap (frag case) to 7.734MB for 124212-byte allocation
D/dalvikvm(  371): GC_FOR_ALLOC freed 99K, 18% free 7439K/9052K, paused 5ms, total 5ms
D/dalvikvm(  371): GC_FOR_ALLOC freed <1K, 18% free 7439K/9052K, paused 3ms, total 3ms
I/dalvikvm-heap(  371): Grow heap (frag case) to 7.755MB for 124212-byte allocation
D/dalvikvm(  371): GC_FOR_ALLOC freed 242K, 21% free 7318K/9176K, paused 4ms, total 4ms
I/System.out( 1034): 1663*a2z.Mobile.DevConnections
I/System.out( 1034): 1664*321719053414
I/System.out( 1034): 1665*generic/vbox86p/vbox86p:4.3/JLS36G/eng.buildbot.20141001.104431:userdebug/test-keys
D/dalvikvm( 1034): GC_FOR_ALLOC freed 81K, 13% free 6838K/7784K, paused 3ms, total 3ms
I/dalvikvm-heap( 1034): Grow heap (frag case) to 9.388MB for 2457612-byte allocation
D/dalvikvm( 1034): GC_FOR_ALLOC freed <1K, 10% free 9238K/10188K, paused 3ms, total 3ms
D/dalvikvm( 1034): GC_CONCURRENT freed 0K, 10% free 9238K/10188K, paused 1ms+1ms, total 4ms
I/System.out( 1034): 1667*Splash
I/System.out( 1034): 1668*Splash
I/System.out( 1034): 191*/data
I/System.out( 1034): 192*/data
I/System.out( 1034): 193*/data/data/a2z.Mobile.DevConnections/databases/
I/System.out( 1034): 194*chirpe_analytics.sqlite
I/System.out( 1034): 195*chirpe_analytics.sqlite
I/System.out( 1034): 200*/data/data/a2z.Mobile.DevConnections/databases/
I/System.out( 1034): 201*/data/data/a2z.Mobile.DevConnections/databases/
I/System.out( 1034): 202*chirpe_analytics.sqlite
I/System.out( 1034): 203*/data/data/a2z.Mobile.DevConnections/databases/chirpe_analytics.sqlite
I/System.out( 1034): 196*/data/data/a2z.Mobile.DevConnections/databases/
I/System.out( 1034): 197*/data/data/a2z.Mobile.DevConnections/databases/
I/System.out( 1034): 198*chirpe_analytics.sqlite
I/System.out( 1034): 199*/data/data/a2z.Mobile.DevConnections/databases/chirpe_analytics.sqlite
I/System.out( 1034): 2151*null
I/System.out( 1034): 2152*Splash
I/System.out( 1034): 2153*0
D/Analytics Save()( 1034): Inserted New Activity Record into local Analytics Databse
I/System.out( 1034): 1669*Splash
I/System.out( 1034): 1670*true
I/System.out( 1034): 1961*http://s31.a2zinc.net/a2zExpoService/a2zExpoService.svc
I/System.out( 1034): 2040*dbc5f103-7f87-4b0a-b9a1-0f88c0b40ca8
I/System.out( 1034): 2051*dbc5f103-7f87-4b0a-b9a1-0f88c0b40ca8
I/System.out( 1034): 1962*dbc5f103-7f87-4b0a-b9a1-0f88c0b40ca8
I/System.out( 1034): 2040*Thu Jan 01 00:00:00 GMT+00:00 1970
I/System.out( 1034): 2048*Thu Jan 01 00:00:00 GMT+00:00 1970
I/System.out( 1034): 1963*Thu Jan 01 00:00:00 GMT+00:00 1970
I/System.out( 1034): 1964*483
I/System.out( 1034): 1965*ThuJan0100:00:00GMT+00:001970
I/System.out( 1034): 1966*ThuJan0100:00:00GMT+00:001970
I/System.out( 1034): 1967*ThuJan01000000GMT+00001970
I/System.out( 1034): 1968*Jan01000000GMT+00001970
I/System.out( 1034): 1969*Jan01
I/System.out( 1034): 1970*Jan01
I/System.out( 1034): 1971*+000
I/System.out( 1034): 1972*000000
I/System.out( 1034): 1973*Jan01+000000000
I/System.out( 1034): 1974*http://s31.a2zinc.net/a2zExpoService/a2zExpoService.svc
I/System.out( 1034): 1975*http://s31.a2zinc.net/a2zExpoService/a2zExpoService.svc/isDatabaseUpdateAvailable/dbc5f103-7f87-4b0a-b9a1-0f88c0b40ca8/483/Jan01+000000000
I/System.out( 1034): 34*Tracks
I/System.out( 1034): 738*Tracks
I/System.out( 1034): 34*Sessions
I/System.out( 1034): 738*Sessions
I/System.out( 1034): 34*Speakers
I/System.out( 1034): 738*Speakers
I/System.out( 1034): 34*Presentations
I/System.out( 1034): 738*Presentations
I/System.out( 1034): 34*Twitter
I/System.out( 1034): 738*Twitter
I/System.out( 1034): 34*Buzz
I/System.out( 1034): 738*Buzz
I/System.out( 1034): 34*My Planner
I/System.out( 1034): 738*My Planner
I/System.out( 1034): 34*Facebook
I/System.out( 1034): 738*Facebook
I/System.out( 1034): 34*Event Info
I/System.out( 1034): 738*Event Info
I/System.out( 1034): 34*Map of Venue
I/System.out( 1034): 738*Map of Venue
I/System.out( 1034): 34*My Notes
I/System.out( 1034): 738*My Notes
I/System.out( 1034): 34*Login/out
I/System.out( 1034): 738*Login/out
I/System.out( 1034): 34*Local Info
I/System.out( 1034): 738*Local Info
I/System.out( 1034): 34*YouTube
I/System.out( 1034): 738*YouTube
I/System.out( 1034): 34*Tracks
I/System.out( 1034): 738*Tracks
I/System.out( 1034): 34*Sessions
I/System.out( 1034): 738*Sessions
I/System.out( 1034): 34*Speakers
I/System.out( 1034): 738*Speakers
I/System.out( 1034): 34*Presentations
I/System.out( 1034): 738*Presentations
I/System.out( 1034): 34*Twitter
I/System.out( 1034): 738*Twitter
I/System.out( 1034): 34*Buzz
I/System.out( 1034): 738*Buzz
I/System.out( 1034): 34*My Planner
I/System.out( 1034): 738*My Planner
I/System.out( 1034): 34*Facebook
I/System.out( 1034): 738*Facebook
I/System.out( 1034): 34*Event Info
I/System.out( 1034): 738*Event Info
I/System.out( 1034): 34*Map of Venue
I/System.out( 1034): 738*Map of Venue
I/System.out( 1034): 34*My Notes
I/System.out( 1034): 738*My Notes
I/System.out( 1034): 34*Login/out
I/System.out( 1034): 738*Login/out
I/System.out( 1034): 34*Local Info
I/System.out( 1034): 738*Local Info
I/System.out( 1034): 34*YouTube
I/System.out( 1034): 738*YouTube
I/System.out( 1034): 34*Tracks
I/System.out( 1034): 738*Tracks
W/ViewRootImpl( 1034): Dropping event due to no window focus: KeyEvent { action=ACTION_DOWN, keyCode=KEYCODE_ALT_RIGHT, scanCode=100, metaState=META_ALT_ON|META_ALT_RIGHT_ON, flags=0x8, repeatCount=39960, eventTime=2173365, downTime=153409, deviceId=1, source=0x301 }
W/ViewRootImpl( 1034): Dropping event due to no window focus: KeyEvent { action=ACTION_DOWN, keyCode=KEYCODE_ALT_RIGHT, scanCode=100, metaState=META_ALT_ON|META_ALT_RIGHT_ON, flags=0x8, repeatCount=39961, eventTime=2173567, downTime=153409, deviceId=1, source=0x301 }
I/System.out( 1034): 34*Sessions
I/System.out( 1034): 738*Sessions
I/System.out( 1034): 34*Speakers
I/System.out( 1034): 738*Speakers
I/System.out( 1034): 34*Presentations
I/System.out( 1034): 738*Presentations
I/System.out( 1034): 34*Twitter
I/System.out( 1034): 738*Twitter
I/System.out( 1034): 34*Buzz
I/System.out( 1034): 738*Buzz
I/System.out( 1034): 34*My Planner
I/System.out( 1034): 738*My Planner
I/System.out( 1034): 34*Facebook
I/System.out( 1034): 738*Facebook
I/System.out( 1034): 34*Event Info
I/System.out( 1034): 738*Event Info
I/System.out( 1034): 34*Map of Venue
I/System.out( 1034): 738*Map of Venue
I/System.out( 1034): 34*My Notes
I/System.out( 1034): 738*My Notes
I/System.out( 1034): 34*Login/out
I/System.out( 1034): 738*Login/out
I/System.out( 1034): 34*Local Info
I/System.out( 1034): 738*Local Info
I/System.out( 1034): 34*YouTube
I/System.out( 1034): 738*YouTube
I/ActivityManager(  371): Displayed a2z.Mobile.DevConnections/.NavigationActivity: +287ms
W/ViewRootImpl( 1034): Dropping event due to no window focus: KeyEvent { action=ACTION_DOWN, keyCode=KEYCODE_ALT_RIGHT, scanCode=100, metaState=META_ALT_ON|META_ALT_RIGHT_ON, flags=0x8, repeatCount=39962, eventTime=2173617, downTime=153409, deviceId=1, source=0x301 }
I/System.out( 1034): 34*Tracks
I/System.out( 1034): 738*Tracks
I/System.out( 1034): 34*Sessions
I/System.out( 1034): 738*Sessions
I/System.out( 1034): 34*Speakers
I/System.out( 1034): 738*Speakers
I/System.out( 1034): 34*Presentations
I/System.out( 1034): 738*Presentations
I/System.out( 1034): 34*Twitter
I/System.out( 1034): 738*Twitter
I/System.out( 1034): 34*Buzz
I/System.out( 1034): 738*Buzz
I/System.out( 1034): 34*My Planner
I/System.out( 1034): 738*My Planner
I/System.out( 1034): 34*Facebook
I/System.out( 1034): 738*Facebook
I/System.out( 1034): 34*Event Info
I/System.out( 1034): 738*Event Info
I/System.out( 1034): 34*Map of Venue
I/System.out( 1034): 738*Map of Venue
I/System.out( 1034): 34*My Notes
I/System.out( 1034): 738*My Notes
I/System.out( 1034): 34*Login/out
I/System.out( 1034): 738*Login/out
I/System.out( 1034): 34*Local Info
I/System.out( 1034): 738*Local Info
I/System.out( 1034): 34*YouTube
I/System.out( 1034): 738*YouTube
D/dalvikvm(  371): GC_CONCURRENT freed 535K, 19% free 7455K/9176K, paused 1ms+1ms, total 17ms
D/dalvikvm(  371): GC_CONCURRENT freed 733K, 19% free 7453K/9176K, paused 1ms+0ms, total 8ms
I/ActivityManager(  371): START u0 {cmp=a2z.Mobile.DevConnections/.TrackListActivity (has extras)} from pid 1034
D/        (  371): HostConnection::get() New Host Connection established 0xb8b02f80, tid 383
W/genymotion_audio(  122): out_write() limiting sleep time 58049 to 23219
W/genymotion_audio(  122): out_write() limiting sleep time 31405 to 23219
D/dalvikvm(  371): GC_FOR_ALLOC freed 285K, 18% free 7569K/9176K, paused 4ms, total 4ms
I/dalvikvm-heap(  371): Grow heap (frag case) to 7.882MB for 124212-byte allocation
D/dalvikvm(  371): GC_FOR_ALLOC freed 2K, 18% free 7688K/9300K, paused 8ms, total 8ms
D/dalvikvm(  371): GC_FOR_ALLOC freed 244K, 20% free 7444K/9300K, paused 4ms, total 5ms
I/System.out( 1034): 3120*Dashboard
I/System.out( 1034): 194*chirpe_analytics.sqlite
I/System.out( 1034): 195*chirpe_analytics.sqlite
I/System.out( 1034): 200*/data/data/a2z.Mobile.DevConnections/databases/
I/System.out( 1034): 201*/data/data/a2z.Mobile.DevConnections/databases/
I/System.out( 1034): 202*chirpe_analytics.sqlite
I/System.out( 1034): 203*/data/data/a2z.Mobile.DevConnections/databases/chirpe_analytics.sqlite
I/System.out( 1034): 196*/data/data/a2z.Mobile.DevConnections/databases/
I/System.out( 1034): 197*/data/data/a2z.Mobile.DevConnections/databases/
I/System.out( 1034): 198*chirpe_analytics.sqlite
I/System.out( 1034): 199*/data/data/a2z.Mobile.DevConnections/databases/chirpe_analytics.sqlite
I/System.out( 1034): 2151*null
I/System.out( 1034): 2152*Dashboard
I/System.out( 1034): 2153*0
D/Analytics Save()( 1034): Inserted New Activity Record into local Analytics Databse
I/System.out( 1034): 3688*chirpe_data.sqlite
I/System.out( 1034): 3689*chirpe_data.sqlite
I/System.out( 1034): 3695*/data/data/a2z.Mobile.DevConnections/databases/
I/System.out( 1034): 3696*/data/data/a2z.Mobile.DevConnections/databases/
I/System.out( 1034): 3697*chirpe_data.sqlite
I/System.out( 1034): 3698*/data/data/a2z.Mobile.DevConnections/databases/chirpe_data.sqlite
I/System.out( 1034): 3691*/data/data/a2z.Mobile.DevConnections/databases/
I/System.out( 1034): 3692*/data/data/a2z.Mobile.DevConnections/databases/
I/System.out( 1034): 3693*chirpe_data.sqlite
I/System.out( 1034): 3694*/data/data/a2z.Mobile.DevConnections/databases/chirpe_data.sqlite
I/System.out( 1034): 1630*Developer
I/System.out( 1034): 1631*Developer
I/System.out( 1034): 1632*69
I/System.out( 1034): 1630*Exchange
I/System.out( 1034): 1631*Exchange
I/System.out( 1034): 1632*22
I/System.out( 1034): 1630*General Events
I/System.out( 1034): 1631*General Events
I/System.out( 1034): 1632*17
I/System.out( 1034): 1630*IT
I/System.out( 1034): 1631*IT
I/System.out( 1034): 1632*34
I/System.out( 1034): 1630*SQL Server
I/System.out( 1034): 1631*SQL Server
I/System.out( 1034): 1632*50
I/System.out( 1034): 1630*SharePoint
I/System.out( 1034): 1631*SharePoint
I/System.out( 1034): 1632*26
I/System.out( 1034): 1633*Developer
I/System.out( 1034): 2128*Developer
I/System.out( 1034): 2129*Developer
I/System.out( 1034): 2130*69
